// Jest Snapshot v1, https://goo.gl/fbAQLP

exports[`renders correctly 1`] = `
<View
  style={
    Array [
      Object {
        "backgroundColor": "rgba(0, 0, 0, 1)",
        "flex": 1,
      },
      Object {
        "paddingTop": 0,
      },
    ]
  }
>
  <View
    accessibilityHint="Navigates to the previous screen"
    accessibilityLabel="Back button"
    accessibilityRole="button"
    accessible={true}
    collapsable={false}
    focusable={true}
    onBlur={[Function]}
    onClick={[Function]}
    onFocus={[Function]}
    onResponderGrant={[Function]}
    onResponderMove={[Function]}
    onResponderRelease={[Function]}
    onResponderTerminate={[Function]}
    onResponderTerminationRequest={[Function]}
    onStartShouldSetResponder={[Function]}
    style={
      Object {
        "alignItems": "center",
        "backgroundColor": "rgba(0, 0, 0, 1)",
        "flexDirection": "row",
        "paddingBottom": 16,
        "width": "100%",
        "zIndex": 999,
      }
    }
  >
    <View>
      <RCTImageView
        internal_analyticTag={null}
        resizeMode="contain"
        source={
          Array [
            Object {
              "height": undefined,
              "uri": undefined,
              "width": undefined,
            },
          ]
        }
        style={
          Object {
            "height": 35,
            "overflow": "hidden",
            "resizeMode": "contain",
            "tintColor": "#DEDDDE",
            "width": 35,
          }
        }
        tintColor="#DEDDDE"
      />
    </View>
    <Text
      allowFontScaling={false}
      style={
        Array [
          Object {},
          Array [
            Object {
              "fontSize": 23,
              "lineHeight": 35,
            },
            Object {
              "fontFamily": "Helvetica Neue",
            },
            Object {
              "color": "#191015",
            },
          ],
          undefined,
          undefined,
          Object {
            "color": "#DEDDDE",
            "fontFamily": "Helvetica Neue",
            "fontSize": 26,
            "lineHeight": 35,
            "paddingBottom": 0,
            "paddingLeft": 7,
            "textAlign": "left",
          },
        ]
      }
    >
      resources.header undefined
    </Text>
  </View>
  <View
    style={
      Array [
        Object {
          "flex": 1,
          "overflow": "hidden",
        },
        Object {
          "flex": 1,
        },
      ]
    }
  >
    <RNCWebView
      cacheEnabled={true}
      injectedJavaScriptBeforeContentLoadedForMainFrameOnly={true}
      injectedJavaScriptForMainFrameOnly={true}
      javaScriptEnabled={true}
      messagingEnabled={false}
      onContentProcessDidTerminate={[Function]}
      onHttpError={[Function]}
      onLoadingError={[Function]}
      onLoadingFinish={[Function]}
      onLoadingProgress={[Function]}
      onLoadingStart={[Function]}
      onMessage={[Function]}
      onShouldStartLoadWithRequest={[Function]}
      source={
        Object {
          "height": 100,
          "scale": 2,
          "uri": "https://placekitten.com/200/200",
          "width": 100,
        }
      }
      style={
        Array [
          Object {
            "flex": 1,
            "overflow": "hidden",
          },
          Object {
            "backgroundColor": "#ffffff",
          },
          undefined,
        ]
      }
      textInteractionEnabled={true}
      useSharedProcessPool={true}
    />
  </View>
</View>
`;
