// Jest Snapshot v1, https://goo.gl/fbAQLP

exports[`renders correctly 1`] = `
<div>
  <View
    style={
      Object {
        "alignItems": "center",
        "flexDirection": "row",
        "justifyContent": "space-between",
      }
    }
  >
    <div
      style={
        Object {
          "color": "#DEDDDE",
          "fontFamily": "Helvetica Neue",
          "fontSize": 52,
          "lineHeight": 63,
        }
      }
    />
    <div />
  </View>
  <View
    style={
      Object {
        "height": 115,
        "marginTop": 15,
      }
    }
  >
    <RCTScrollView
      horizontal={true}
      style={
        Object {
          "height": 115,
          "marginTop": 15,
        }
      }
    >
      <View>
        <div />
        <div />
        <div />
      </View>
    </RCTScrollView>
  </View>
  <RCTScrollView
    ListFooterComponent={[Function]}
    data={Array []}
    getItem={[Function]}
    getItemCount={[Function]}
    keyExtractor={[Function]}
    onContentSizeChange={[Function]}
    onEndReached={[Function]}
    onEndReachedThreshold={0.5}
    onLayout={[Function]}
    onMomentumScrollBegin={[Function]}
    onMomentumScrollEnd={[Function]}
    onScroll={[Function]}
    onScrollBeginDrag={[Function]}
    onScrollEndDrag={[Function]}
    removeClippedSubviews={false}
    renderItem={[Function]}
    scrollEventThrottle={50}
    stickyHeaderIndices={Array []}
    viewabilityConfigCallbackPairs={Array []}
  >
    <View>
      <View
        onLayout={[Function]}
      />
    </View>
  </RCTScrollView>
</div>
`;
