// Jest Snapshot v1, https://goo.gl/fbAQLP

exports[`renders correctly 1`] = `
<View
  style={
    Array [
      Object {
        "marginTop": 52,
        "width": "100%",
      },
      undefined,
    ]
  }
>
  <View
    style={
      Object {
        "flexDirection": "row",
        "justifyContent": "space-between",
        "marginBottom": 26,
      }
    }
  >
    <View
      style={
        Array [
          Object {
            "flexDirection": "row",
          },
          undefined,
        ]
      }
    >
      <div />
      <div />
    </View>
    <div />
    <div />
  </View>
  <div />
</View>
`;
