// Jest Snapshot v1, https://goo.gl/fbAQLP

exports[`ExpandContainer renders correctly 1`] = `
<View
  style={
    Array [
      Object {
        "marginTop": 52,
        "width": "100%",
      },
      undefined,
    ]
  }
>
  <View
    style={
      Object {
        "flexDirection": "row",
        "justifyContent": "space-between",
        "marginBottom": 26,
      }
    }
  >
    <View
      style={
        Array [
          Object {
            "flexDirection": "row",
          },
          undefined,
        ]
      }
    >
      <div
        style={
          Array [
            Object {
              "color": "#ADADAE",
              "fontFamily": "Helvetica Neue",
              "fontSize": 19,
              "lineHeight": 23,
              "textTransform": "uppercase",
            },
            undefined,
          ]
        }
      />
    </View>
    <div />
  </View>
  <View>
    <Text>
      Test content
    </Text>
  </View>
</View>
`;
