// Jest Snapshot v1, https://goo.gl/fbAQLP

exports[`ListItem renders correctly 1`] = `
<View
  accessibilityHint="pressable list item"
  accessibilityLabel="pressable list item"
  accessibilityRole="button"
  accessible={true}
  collapsable={false}
  focusable={true}
  onBlur={[Function]}
  onClick={[Function]}
  onFocus={[Function]}
  onResponderGrant={[Function]}
  onResponderMove={[Function]}
  onResponderRelease={[Function]}
  onResponderTerminate={[Function]}
  onResponderTerminationRequest={[Function]}
  onStartShouldSetResponder={[Function]}
  style={
    Object {
      "alignItems": "flex-start",
      "flexDirection": "row",
      "justifyContent": "space-between",
      "paddingTop": 23,
      "width": "100%",
    }
  }
>
  <View>
    <div />
  </View>
  <View
    style={
      Object {
        "alignItems": "flex-start",
        "borderBottomWidth": 2,
        "borderColor": "#353739",
        "flex": 1,
        "flexDirection": "row",
        "justifyContent": "space-between",
        "marginLeft": 15,
        "paddingBottom": 23,
      }
    }
  >
    <View
      accessibilityHint="list item body"
      accessibilityLabel="list item body"
      accessibilityRole="text"
      accessible={true}
      style={
        Object {
          "flex": 1,
          "flexDirection": "column",
        }
      }
    >
      <div
        style={
          Object {
            "color": "#FFFFFF",
            "fontFamily": "Helvetica Neue",
            "fontSize": 26,
            "lineHeight": 32,
            "width": "95%",
          }
        }
      >
        Test title
      </div>
      <div
        style={
          Object {
            "color": "#FFFFFF",
            "fontFamily": "Helvetica Neue",
            "fontSize": 23,
            "lineHeight": 27,
            "paddingTop": 7,
            "width": "95%",
          }
        }
      >
        Test subtitle
      </div>
    </View>
    <div />
  </View>
</View>
`;
