// Jest Snapshot v1, https://goo.gl/fbAQLP

exports[`renders correctly 1`] = `
<View
  style={
    Object {
      "backgroundColor": "#FC3D21",
      "borderRadius": 6,
      "marginTop": 29,
      "paddingBottom": 5,
      "paddingTop": 7,
      "width": 115,
    }
  }
>
  <Text
    style={
      Object {
        "color": "#DEDDDE",
        "fontSize": 23,
        "lineHeight": 23,
        "textAlign": "center",
      }
    }
  >
    01
    :
    06
    :
    41
  </Text>
</View>
`;
