// Jest Snapshot v1, https://goo.gl/fbAQLP

exports[`Tag component renders correctly 1`] = `
<Text
  allowFontScaling={false}
  style={
    [
      {},
      [
        {
          "fontSize": 23,
          "lineHeight": 35,
        },
        {
          "fontFamily": "Helvetica Neue",
        },
        {
          "color": "#191015",
        },
      ],
      undefined,
      undefined,
      [
        {
          "backgroundColor": "#DEDDDE",
          "borderRadius": 6,
          "color": "#1E2022",
          "fontFamily": "HelveticaNeue-Medium",
          "fontSize": 17,
          "height": 33,
          "lineHeight": 22,
          "marginRight": 15,
          "overflow": "hidden",
          "paddingHorizontal": 10,
          "paddingVertical": 6,
        },
        {},
      ],
    ]
  }
>
  TAG
</Text>
`;
