// Jest Snapshot v1, https://goo.gl/fbAQLP

exports[`renders correctly 1`] = `
<div>
  <RCTScrollView
    accessibilityHint="Contact scrollable us area"
    accessibilityLabel="Contact scrollable us area"
    accessibilityRole="scrollbar"
    accessible={true}
    contentContainerStyle={
      Object {
        "flexGrow": 1,
        "paddingBottom": 86,
      }
    }
    scrollEnabled={true}
    style={
      Object {
        "paddingHorizontal": 26,
      }
    }
  >
    <View>
      <View
        accessibilityHint="Navigates to the previous screen"
        accessibilityLabel="Back button"
        accessibilityRole="button"
        accessible={true}
        collapsable={false}
        focusable={true}
        onBlur={[Function]}
        onClick={[Function]}
        onFocus={[Function]}
        onResponderGrant={[Function]}
        onResponderMove={[Function]}
        onResponderRelease={[Function]}
        onResponderTerminate={[Function]}
        onResponderTerminationRequest={[Function]}
        onStartShouldSetResponder={[Function]}
        style={
          Object {
            "alignItems": "center",
            "flexDirection": "row",
            "paddingBottom": 16,
          }
        }
      >
        <div />
        <div />
      </View>
      <div />
      <View
        onLayout={[Function]}
        style={
          Object {
            "backgroundColor": "#1E2022",
            "borderRadius": 40,
            "height": 80,
            "justifyContent": "center",
            "marginTop": 26,
            "overflow": "hidden",
          }
        }
      >
        <View
          accessibilityLabel="title select"
          accessible={true}
          focusable={true}
          onClick={[Function]}
          onResponderGrant={[Function]}
          onResponderMove={[Function]}
          onResponderRelease={[Function]}
          onResponderTerminate={[Function]}
          onResponderTerminationRequest={[Function]}
          onStartShouldSetResponder={[Function]}
          style={
            Object {
              "alignItems": "center",
              "flexDirection": "row",
              "height": 35,
              "justifyContent": "space-between",
            }
          }
        >
          <Text
            style={
              Array [
                Object {
                  "flex": 1,
                  "fontSize": 16,
                },
                Array [
                  Object {
                    "color": "#DEDDDE",
                    "flex": 1,
                    "fontFamily": "Helvetica Neue",
                    "fontSize": 26,
                    "marginHorizontal": 17,
                    "paddingHorizontal": 0,
                    "paddingVertical": 0,
                    "textAlignVertical": "center",
                  },
                  Object {
                    "color": "#ADADAE",
                  },
                ],
                Object {},
              ]
            }
          >
            settings.contactUsData.titlePlaceholder undefined
          </Text>
          <div />
        </View>
      </View>
      <div />
      <div />
    </View>
  </RCTScrollView>
</div>
`;
