// Jest Snapshot v1, https://goo.gl/fbAQLP

exports[`renders correctly 1`] = `
<div>
  <View
    style={
      Object {
        "flex": 1,
        "paddingBottom": 172,
      }
    }
  >
    <RCTScrollView
      accessibilityHint="Location settings scrollable us area"
      accessibilityLabel="Location settings scrollable us area"
      accessibilityRole="scrollbar"
      accessible={true}
      contentContainerStyle={
        Object {
          "flexGrow": 1,
          "paddingBottom": 86,
        }
      }
      scrollEnabled={true}
      style={
        Object {
          "paddingBottom": 15,
          "paddingHorizontal": 26,
        }
      }
    >
      <View>
        <View
          accessibilityHint="Navigates to the previous screen"
          accessibilityLabel="Back button"
          accessibilityRole="button"
          accessible={true}
          collapsable={false}
          focusable={true}
          onBlur={[Function]}
          onClick={[Function]}
          onFocus={[Function]}
          onResponderGrant={[Function]}
          onResponderMove={[Function]}
          onResponderRelease={[Function]}
          onResponderTerminate={[Function]}
          onResponderTerminationRequest={[Function]}
          onStartShouldSetResponder={[Function]}
          style={
            Object {
              "alignItems": "center",
              "flexDirection": "row",
              "paddingBottom": 11,
            }
          }
        >
          <div />
          <div
            style={
              Object {
                "color": "#DEDDDE",
                "fontFamily": "Helvetica Neue",
                "fontSize": 26,
                "lineHeight": 32,
                "paddingBottom": 0,
                "paddingLeft": 7,
                "textAlign": "left",
              }
            }
          />
        </View>
        <div
          style={
            Object {
              "color": "#DEDDDE",
              "fontFamily": "Helvetica Neue",
              "fontSize": 52,
              "lineHeight": 63,
              "paddingBottom": 35,
              "textAlign": "left",
            }
          }
        />
        <View
          accessibilityHint="pressable settings item"
          accessibilityLabel="pressable settings item"
          accessibilityRole="button"
          accessible={true}
          collapsable={false}
          focusable={true}
          onBlur={[Function]}
          onClick={[Function]}
          onFocus={[Function]}
          onResponderGrant={[Function]}
          onResponderMove={[Function]}
          onResponderRelease={[Function]}
          onResponderTerminate={[Function]}
          onResponderTerminationRequest={[Function]}
          onStartShouldSetResponder={[Function]}
          style={
            Object {
              "alignItems": "flex-start",
              "flexDirection": "row",
              "justifyContent": "space-between",
              "paddingTop": 23,
              "width": "100%",
            }
          }
        >
          <View
            style={
              Array [
                Object {
                  "alignItems": "flex-start",
                  "borderBottomWidth": 2,
                  "borderColor": "#353739",
                  "flex": 1,
                  "flexDirection": "row",
                  "justifyContent": "space-between",
                  "marginLeft": 15,
                  "paddingBottom": 23,
                },
                Object {
                  "borderBottomWidth": 0,
                },
              ]
            }
          >
            <div />
            <View
              style={
                Object {
                  "flex": 1,
                  "flexDirection": "column",
                  "paddingLeft": 26,
                }
              }
            >
              <div
                style={
                  Object {
                    "color": "#FFFFFF",
                    "fontFamily": "Helvetica Neue",
                    "fontSize": 35,
                    "lineHeight": 42,
                    "width": "95%",
                  }
                }
              />
            </View>
            <div />
          </View>
        </View>
      </View>
    </RCTScrollView>
  </View>
  <View
    accessibilityRole="imagebutton"
    accessible={true}
    collapsable={false}
    focusable={true}
    onBlur={[Function]}
    onClick={[Function]}
    onFocus={[Function]}
    onResponderGrant={[Function]}
    onResponderMove={[Function]}
    onResponderRelease={[Function]}
    onResponderTerminate={[Function]}
    onResponderTerminationRequest={[Function]}
    onStartShouldSetResponder={[Function]}
    style={
      Array [
        Object {
          "alignItems": "center",
          "backgroundColor": "#1E2022",
          "borderRadius": 143,
          "display": "flex",
          "height": 60,
          "justifyContent": "center",
          "overflow": "hidden",
          "position": "relative",
          "width": 60,
        },
        Array [
          Object {
            "alignSelf": "center",
            "backgroundColor": "#0B3D91",
            "height": 92,
            "width": 92,
          },
          Object {
            "bottom": NaN,
            "position": "absolute",
          },
        ],
      ]
    }
  >
    <View
      style={
        Array [
          Object {
            "backgroundColor": "transparent",
          },
          Array [
            Object {
              "alignItems": "center",
              "backgroundColor": "#1E2022",
              "borderRadius": 143,
              "display": "flex",
              "height": 60,
              "justifyContent": "center",
              "overflow": "hidden",
              "position": "relative",
              "width": 60,
            },
            Object {
              "alignSelf": "center",
              "backgroundColor": "#0B3D91",
              "height": 92,
              "width": 92,
            },
            undefined,
          ],
        ]
      }
    >
      <ViewManagerAdapter_ExpoBlurView
        proxiedProperties={
          Object {
            "intensity": 0,
            "tint": "default",
          }
        }
        style={
          Object {
            "bottom": 0,
            "left": 0,
            "position": "absolute",
            "right": 0,
            "top": 0,
          }
        }
      />
      <div />
    </View>
  </View>
  <Modal
    animationType="none"
    deviceHeight={null}
    deviceWidth={null}
    hardwareAccelerated={false}
    hideModalContentWhileAnimating={true}
    onBackdropPress={[Function]}
    onModalHide={[Function]}
    onModalWillHide={[Function]}
    onModalWillShow={[Function]}
    onRequestClose={[Function]}
    onSwipeComplete={[Function]}
    panResponderThreshold={4}
    scrollHorizontal={false}
    scrollOffset={0}
    scrollOffsetMax={0}
    scrollTo={null}
    statusBarTranslucent={false}
    supportedOrientations={
      Array [
        "portrait",
        "landscape",
      ]
    }
    swipeDirection="down"
    swipeThreshold={100}
    transparent={true}
    useNativeDriverForBackdrop={true}
    visible={false}
  />
</div>
`;
