// Jest Snapshot v1, https://goo.gl/fbAQLP

exports[`SettingsScreen renders correctly 1`] = `
<div>
  <View
    style={
      Array [
        Object {
          "left": 26,
          "position": "absolute",
          "zIndex": 9,
        },
        Object {
          "top": 55,
        },
      ]
    }
  >
    <Text
      accessibilityHint="header"
      accessibilityLabel="header"
      accessibilityRole="text"
      accessible={true}
      allowFontScaling={false}
      style={
        Array [
          Object {},
          Array [
            Object {
              "fontSize": 23,
              "lineHeight": 35,
            },
            Object {
              "fontFamily": "Helvetica Neue",
            },
            Object {
              "color": "#191015",
            },
          ],
          undefined,
          undefined,
          Object {
            "color": "#DEDDDE",
            "fontFamily": "Helvetica Neue",
            "fontSize": 52,
            "lineHeight": 63,
          },
        ]
      }
    >
      settings.header undefined
    </Text>
  </View>
  <View
    style={
      Object {
        "flex": 1,
        "marginTop": 215,
        "paddingHorizontal": 52,
      }
    }
  >
    <View
      accessibilityHint="pressable settings item"
      accessibilityLabel="pressable settings item"
      accessibilityRole="button"
      accessible={true}
      collapsable={false}
      focusable={true}
      onBlur={[Function]}
      onClick={[Function]}
      onFocus={[Function]}
      onResponderGrant={[Function]}
      onResponderMove={[Function]}
      onResponderRelease={[Function]}
      onResponderTerminate={[Function]}
      onResponderTerminationRequest={[Function]}
      onStartShouldSetResponder={[Function]}
      style={
        Object {
          "alignItems": "flex-start",
          "flexDirection": "row",
          "justifyContent": "space-between",
          "paddingTop": 23,
          "width": "100%",
        }
      }
    >
      <View
        style={
          Array [
            Object {
              "alignItems": "flex-start",
              "borderBottomWidth": 2,
              "borderColor": "#353739",
              "flex": 1,
              "flexDirection": "row",
              "justifyContent": "space-between",
              "marginLeft": 15,
              "paddingBottom": 23,
            },
            false,
          ]
        }
      >
        <View>
          <RCTImageView
            internal_analyticTag={null}
            resizeMode="contain"
            source={
              Array [
                Object {
                  "height": undefined,
                  "uri": undefined,
                  "width": undefined,
                },
              ]
            }
            style={
              Object {
                "height": 35,
                "overflow": "hidden",
                "resizeMode": "contain",
                "tintColor": "#ADADAE",
                "width": 35,
              }
            }
            tintColor="#ADADAE"
          />
        </View>
        <View
          style={
            Object {
              "flex": 1,
              "flexDirection": "column",
              "paddingLeft": 26,
            }
          }
        >
          <Text
            accessibilityHint="settings.locationSettings"
            accessibilityLabel="title"
            accessibilityRole="text"
            accessible={true}
            allowFontScaling={false}
            ellipsizeMode="tail"
            numberOfLines={1}
            style={
              Array [
                Object {},
                Array [
                  Object {
                    "fontSize": 23,
                    "lineHeight": 35,
                  },
                  Object {
                    "fontFamily": "Helvetica Neue",
                  },
                  Object {
                    "color": "#191015",
                  },
                ],
                undefined,
                undefined,
                Object {
                  "color": "#FFFFFF",
                  "fontFamily": "Helvetica Neue",
                  "fontSize": 35,
                  "lineHeight": 42,
                  "width": "95%",
                },
              ]
            }
          >
            settings.locationSettings undefined
          </Text>
        </View>
        <View>
          <RCTImageView
            internal_analyticTag={null}
            resizeMode="contain"
            source={
              Array [
                Object {
                  "height": undefined,
                  "uri": undefined,
                  "width": undefined,
                },
              ]
            }
            style={
              Object {
                "height": 35,
                "overflow": "hidden",
                "resizeMode": "contain",
                "tintColor": "#353739",
                "width": 35,
              }
            }
            tintColor="#353739"
          />
        </View>
      </View>
    </View>
    <View
      accessibilityHint="pressable settings item"
      accessibilityLabel="pressable settings item"
      accessibilityRole="button"
      accessible={true}
      collapsable={false}
      focusable={true}
      onBlur={[Function]}
      onClick={[Function]}
      onFocus={[Function]}
      onResponderGrant={[Function]}
      onResponderMove={[Function]}
      onResponderRelease={[Function]}
      onResponderTerminate={[Function]}
      onResponderTerminationRequest={[Function]}
      onStartShouldSetResponder={[Function]}
      style={
        Object {
          "alignItems": "flex-start",
          "flexDirection": "row",
          "justifyContent": "space-between",
          "paddingTop": 23,
          "width": "100%",
        }
      }
    >
      <View
        style={
          Array [
            Object {
              "alignItems": "flex-start",
              "borderBottomWidth": 2,
              "borderColor": "#353739",
              "flex": 1,
              "flexDirection": "row",
              "justifyContent": "space-between",
              "marginLeft": 15,
              "paddingBottom": 23,
            },
            false,
          ]
        }
      >
        <View>
          <RCTImageView
            internal_analyticTag={null}
            resizeMode="contain"
            source={
              Array [
                Object {
                  "height": undefined,
                  "uri": undefined,
                  "width": undefined,
                },
              ]
            }
            style={
              Object {
                "height": 35,
                "overflow": "hidden",
                "resizeMode": "contain",
                "tintColor": "#ADADAE",
                "width": 35,
              }
            }
            tintColor="#ADADAE"
          />
        </View>
        <View
          style={
            Object {
              "flex": 1,
              "flexDirection": "column",
              "paddingLeft": 26,
            }
          }
        >
          <Text
            accessibilityHint="settings.notificationSettings"
            accessibilityLabel="title"
            accessibilityRole="text"
            accessible={true}
            allowFontScaling={false}
            ellipsizeMode="tail"
            numberOfLines={1}
            style={
              Array [
                Object {},
                Array [
                  Object {
                    "fontSize": 23,
                    "lineHeight": 35,
                  },
                  Object {
                    "fontFamily": "Helvetica Neue",
                  },
                  Object {
                    "color": "#191015",
                  },
                ],
                undefined,
                undefined,
                Object {
                  "color": "#FFFFFF",
                  "fontFamily": "Helvetica Neue",
                  "fontSize": 35,
                  "lineHeight": 42,
                  "width": "95%",
                },
              ]
            }
          >
            settings.notificationSettings undefined
          </Text>
        </View>
        <View>
          <RCTImageView
            internal_analyticTag={null}
            resizeMode="contain"
            source={
              Array [
                Object {
                  "height": undefined,
                  "uri": undefined,
                  "width": undefined,
                },
              ]
            }
            style={
              Object {
                "height": 35,
                "overflow": "hidden",
                "resizeMode": "contain",
                "tintColor": "#353739",
                "width": 35,
              }
            }
            tintColor="#353739"
          />
        </View>
      </View>
    </View>
    <View
      accessibilityHint="pressable settings item"
      accessibilityLabel="pressable settings item"
      accessibilityRole="button"
      accessible={true}
      collapsable={false}
      focusable={true}
      onBlur={[Function]}
      onClick={[Function]}
      onFocus={[Function]}
      onResponderGrant={[Function]}
      onResponderMove={[Function]}
      onResponderRelease={[Function]}
      onResponderTerminate={[Function]}
      onResponderTerminationRequest={[Function]}
      onStartShouldSetResponder={[Function]}
      style={
        Object {
          "alignItems": "flex-start",
          "flexDirection": "row",
          "justifyContent": "space-between",
          "paddingTop": 23,
          "width": "100%",
        }
      }
    >
      <View
        style={
          Array [
            Object {
              "alignItems": "flex-start",
              "borderBottomWidth": 2,
              "borderColor": "#353739",
              "flex": 1,
              "flexDirection": "row",
              "justifyContent": "space-between",
              "marginLeft": 15,
              "paddingBottom": 23,
            },
            false,
          ]
        }
      >
        <View>
          <RCTImageView
            internal_analyticTag={null}
            resizeMode="contain"
            source={
              Array [
                Object {
                  "height": undefined,
                  "uri": undefined,
                  "width": undefined,
                },
              ]
            }
            style={
              Object {
                "height": 35,
                "overflow": "hidden",
                "resizeMode": "contain",
                "tintColor": "#ADADAE",
                "width": 35,
              }
            }
            tintColor="#ADADAE"
          />
        </View>
        <View
          style={
            Object {
              "flex": 1,
              "flexDirection": "column",
              "paddingLeft": 26,
            }
          }
        >
          <Text
            accessibilityHint="settings.termsAndConditions"
            accessibilityLabel="title"
            accessibilityRole="text"
            accessible={true}
            allowFontScaling={false}
            ellipsizeMode="tail"
            numberOfLines={1}
            style={
              Array [
                Object {},
                Array [
                  Object {
                    "fontSize": 23,
                    "lineHeight": 35,
                  },
                  Object {
                    "fontFamily": "Helvetica Neue",
                  },
                  Object {
                    "color": "#191015",
                  },
                ],
                undefined,
                undefined,
                Object {
                  "color": "#FFFFFF",
                  "fontFamily": "Helvetica Neue",
                  "fontSize": 35,
                  "lineHeight": 42,
                  "width": "95%",
                },
              ]
            }
          >
            settings.termsAndConditions undefined
          </Text>
        </View>
        <View>
          <RCTImageView
            internal_analyticTag={null}
            resizeMode="contain"
            source={
              Array [
                Object {
                  "height": undefined,
                  "uri": undefined,
                  "width": undefined,
                },
              ]
            }
            style={
              Object {
                "height": 35,
                "overflow": "hidden",
                "resizeMode": "contain",
                "tintColor": "#353739",
                "width": 35,
              }
            }
            tintColor="#353739"
          />
        </View>
      </View>
    </View>
    <View
      accessibilityHint="pressable settings item"
      accessibilityLabel="pressable settings item"
      accessibilityRole="button"
      accessible={true}
      collapsable={false}
      focusable={true}
      onBlur={[Function]}
      onClick={[Function]}
      onFocus={[Function]}
      onResponderGrant={[Function]}
      onResponderMove={[Function]}
      onResponderRelease={[Function]}
      onResponderTerminate={[Function]}
      onResponderTerminationRequest={[Function]}
      onStartShouldSetResponder={[Function]}
      style={
        Object {
          "alignItems": "flex-start",
          "flexDirection": "row",
          "justifyContent": "space-between",
          "paddingTop": 23,
          "width": "100%",
        }
      }
    >
      <View
        style={
          Array [
            Object {
              "alignItems": "flex-start",
              "borderBottomWidth": 2,
              "borderColor": "#353739",
              "flex": 1,
              "flexDirection": "row",
              "justifyContent": "space-between",
              "marginLeft": 15,
              "paddingBottom": 23,
            },
            false,
          ]
        }
      >
        <View>
          <RCTImageView
            internal_analyticTag={null}
            resizeMode="contain"
            source={
              Array [
                Object {
                  "height": undefined,
                  "uri": undefined,
                  "width": undefined,
                },
              ]
            }
            style={
              Object {
                "height": 35,
                "overflow": "hidden",
                "resizeMode": "contain",
                "tintColor": "#ADADAE",
                "width": 35,
              }
            }
            tintColor="#ADADAE"
          />
        </View>
        <View
          style={
            Object {
              "flex": 1,
              "flexDirection": "column",
              "paddingLeft": 26,
            }
          }
        >
          <Text
            accessibilityHint="settings.contactUs"
            accessibilityLabel="title"
            accessibilityRole="text"
            accessible={true}
            allowFontScaling={false}
            ellipsizeMode="tail"
            numberOfLines={1}
            style={
              Array [
                Object {},
                Array [
                  Object {
                    "fontSize": 23,
                    "lineHeight": 35,
                  },
                  Object {
                    "fontFamily": "Helvetica Neue",
                  },
                  Object {
                    "color": "#191015",
                  },
                ],
                undefined,
                undefined,
                Object {
                  "color": "#FFFFFF",
                  "fontFamily": "Helvetica Neue",
                  "fontSize": 35,
                  "lineHeight": 42,
                  "width": "95%",
                },
              ]
            }
          >
            settings.contactUs undefined
          </Text>
        </View>
        <View>
          <RCTImageView
            internal_analyticTag={null}
            resizeMode="contain"
            source={
              Array [
                Object {
                  "height": undefined,
                  "uri": undefined,
                  "width": undefined,
                },
              ]
            }
            style={
              Object {
                "height": 35,
                "overflow": "hidden",
                "resizeMode": "contain",
                "tintColor": "#353739",
                "width": 35,
              }
            }
            tintColor="#353739"
          />
        </View>
      </View>
    </View>
    <View
      accessibilityHint="pressable settings item"
      accessibilityLabel="pressable settings item"
      accessibilityRole="button"
      accessible={true}
      collapsable={false}
      focusable={true}
      onBlur={[Function]}
      onClick={[Function]}
      onFocus={[Function]}
      onResponderGrant={[Function]}
      onResponderMove={[Function]}
      onResponderRelease={[Function]}
      onResponderTerminate={[Function]}
      onResponderTerminationRequest={[Function]}
      onStartShouldSetResponder={[Function]}
      style={
        Object {
          "alignItems": "flex-start",
          "flexDirection": "row",
          "justifyContent": "space-between",
          "paddingTop": 23,
          "width": "100%",
        }
      }
    >
      <View
        style={
          Array [
            Object {
              "alignItems": "flex-start",
              "borderBottomWidth": 2,
              "borderColor": "#353739",
              "flex": 1,
              "flexDirection": "row",
              "justifyContent": "space-between",
              "marginLeft": 15,
              "paddingBottom": 23,
            },
            false,
          ]
        }
      >
        <View>
          <RCTImageView
            internal_analyticTag={null}
            resizeMode="contain"
            source={
              Array [
                Object {
                  "height": undefined,
                  "uri": undefined,
                  "width": undefined,
                },
              ]
            }
            style={
              Object {
                "height": 35,
                "overflow": "hidden",
                "resizeMode": "contain",
                "tintColor": "#ADADAE",
                "width": 35,
              }
            }
            tintColor="#ADADAE"
          />
        </View>
        <View
          style={
            Object {
              "flex": 1,
              "flexDirection": "column",
              "paddingLeft": 26,
            }
          }
        >
          <Text
            accessibilityHint="settings.language"
            accessibilityLabel="title"
            accessibilityRole="text"
            accessible={true}
            allowFontScaling={false}
            ellipsizeMode="tail"
            numberOfLines={1}
            style={
              Array [
                Object {},
                Array [
                  Object {
                    "fontSize": 23,
                    "lineHeight": 35,
                  },
                  Object {
                    "fontFamily": "Helvetica Neue",
                  },
                  Object {
                    "color": "#191015",
                  },
                ],
                undefined,
                undefined,
                Object {
                  "color": "#FFFFFF",
                  "fontFamily": "Helvetica Neue",
                  "fontSize": 35,
                  "lineHeight": 42,
                  "width": "95%",
                },
              ]
            }
          >
            settings.language undefined
          </Text>
        </View>
        <View
          onLayout={[Function]}
          style={
            Object {
              "flex": 1,
              "height": 43,
              "justifyContent": "center",
              "overflow": "hidden",
            }
          }
        >
          <View
            accessibilityLabel="language select"
            accessible={true}
            focusable={true}
            onClick={[Function]}
            onResponderGrant={[Function]}
            onResponderMove={[Function]}
            onResponderRelease={[Function]}
            onResponderTerminate={[Function]}
            onResponderTerminationRequest={[Function]}
            onStartShouldSetResponder={[Function]}
            style={
              Object {
                "alignItems": "center",
                "flexDirection": "row",
                "height": 35,
                "justifyContent": "space-between",
              }
            }
          >
            <Text
              style={
                Array [
                  Object {
                    "flex": 1,
                    "fontSize": 16,
                  },
                  Array [
                    Object {
                      "color": "#DEDDDE",
                      "flex": 1,
                      "fontFamily": "Helvetica Neue",
                      "fontSize": 26,
                      "marginHorizontal": 17,
                      "paddingHorizontal": 0,
                      "paddingVertical": 0,
                      "textAlign": "right",
                      "textAlignVertical": "center",
                    },
                    Object {
                      "color": "#ADADAE",
                    },
                  ],
                  Object {},
                ]
              }
            >
              Select item
            </Text>
            <View
              style={
                Object {
                  "alignItems": "center",
                  "height": 80,
                  "justifyContent": "center",
                }
              }
            >
              <RCTImageView
                internal_analyticTag={null}
                resizeMode="contain"
                source={
                  Array [
                    Object {
                      "height": undefined,
                      "uri": undefined,
                      "width": undefined,
                    },
                  ]
                }
                style={
                  Object {
                    "height": 40,
                    "overflow": "hidden",
                    "resizeMode": "contain",
                    "tintColor": "#ADADAE",
                    "width": 40,
                  }
                }
                tintColor="#ADADAE"
              />
            </View>
          </View>
        </View>
      </View>
    </View>
    <View
      style={
        Object {
          "flex": 1,
        }
      }
    />
    <View
      accessibilityHint="pressable list item"
      accessibilityLabel="pressable list item"
      accessibilityRole="button"
      accessible={true}
      collapsable={false}
      focusable={true}
      onBlur={[Function]}
      onClick={[Function]}
      onFocus={[Function]}
      onResponderGrant={[Function]}
      onResponderMove={[Function]}
      onResponderRelease={[Function]}
      onResponderTerminate={[Function]}
      onResponderTerminationRequest={[Function]}
      onStartShouldSetResponder={[Function]}
      style={
        Object {
          "alignItems": "flex-start",
          "flexDirection": "row",
          "justifyContent": "space-between",
          "paddingTop": 23,
          "width": "100%",
        }
      }
    >
      <View>
        <View>
          <RCTImageView
            internal_analyticTag={null}
            resizeMode="contain"
            source={
              Array [
                Object {
                  "height": undefined,
                  "uri": undefined,
                  "width": undefined,
                },
              ]
            }
            style={
              Object {
                "height": 35,
                "overflow": "hidden",
                "resizeMode": "contain",
                "tintColor": "#ADADAE",
                "width": 35,
              }
            }
            tintColor="#ADADAE"
          />
        </View>
      </View>
      <View
        style={
          Array [
            Object {
              "alignItems": "flex-start",
              "borderBottomWidth": 2,
              "borderColor": "#353739",
              "flex": 1,
              "flexDirection": "row",
              "justifyContent": "space-between",
              "marginLeft": 15,
              "paddingBottom": 23,
            },
            Object {
              "borderBottomWidth": 0,
            },
          ]
        }
      >
        <View
          accessibilityHint="list item body"
          accessibilityLabel="list item body"
          accessibilityRole="text"
          accessible={true}
          style={
            Object {
              "flex": 1,
              "flexDirection": "column",
            }
          }
        >
          <Text
            allowFontScaling={false}
            ellipsizeMode="tail"
            numberOfLines={1}
            style={
              Array [
                Object {},
                Array [
                  Object {
                    "fontSize": 23,
                    "lineHeight": 35,
                  },
                  Object {
                    "fontFamily": "Helvetica Neue",
                  },
                  Object {
                    "color": "#191015",
                  },
                ],
                undefined,
                undefined,
                Object {
                  "color": "#FFFFFF",
                  "fontFamily": "Helvetica Neue",
                  "fontSize": 26,
                  "lineHeight": 32,
                  "width": "95%",
                },
              ]
            }
          >
            settings.localCalculations undefined
          </Text>
          <Text
            allowFontScaling={false}
            ellipsizeMode="tail"
            numberOfLines={1}
            style={
              Array [
                Object {},
                Array [
                  Object {
                    "fontSize": 23,
                    "lineHeight": 35,
                  },
                  Object {
                    "fontFamily": "Helvetica Neue",
                  },
                  Object {
                    "color": "#191015",
                  },
                ],
                undefined,
                undefined,
                Object {
                  "color": "#FFFFFF",
                  "fontFamily": "Helvetica Neue",
                  "fontSize": 23,
                  "lineHeight": 27,
                  "paddingTop": 7,
                  "width": "95%",
                },
              ]
            }
          />
        </View>
        <View
          accessibilityHint="toggle location alerts"
          accessibilityLabel="switch button"
          accessibilityRole="switch"
          accessibilityState={
            Object {
              "checked": true,
              "disabled": undefined,
            }
          }
          accessible={true}
          collapsable={false}
          focusable={true}
          onClick={[Function]}
          onResponderGrant={[Function]}
          onResponderMove={[Function]}
          onResponderRelease={[Function]}
          onResponderTerminate={[Function]}
          onResponderTerminationRequest={[Function]}
          onStartShouldSetResponder={[Function]}
          style={
            Object {
              "opacity": 1,
            }
          }
        >
          <View
            style={
              Array [
                Object {
                  "alignItems": "center",
                  "flexDirection": "row",
                },
                undefined,
              ]
            }
          >
            <View
              style={
                Array [
                  Object {
                    "alignItems": "center",
                    "borderRadius": 23,
                    "borderWidth": 0,
                    "flexDirection": "row",
                    "flexGrow": 0,
                    "flexShrink": 0,
                    "height": 40,
                    "justifyContent": "space-between",
                    "overflow": "hidden",
                    "width": 66,
                  },
                  Object {
                    "backgroundColor": "#353739",
                  },
                  undefined,
                ]
              }
            >
              <View
                animatedStyle={
                  Object {
                    "value": Object {
                      "opacity": 1,
                    },
                  }
                }
                collapsable={false}
                style={
                  Object {
                    "alignItems": "center",
                    "backgroundColor": "#0B3D91",
                    "borderColor": "rgba(0, 0, 0, 0)",
                    "height": "100%",
                    "opacity": 1,
                    "overflow": "hidden",
                    "paddingEnd": 6,
                    "paddingStart": 6,
                    "position": "absolute",
                    "width": "100%",
                  }
                }
              />
              <View
                animatedStyle={
                  Object {
                    "value": Object {
                      "marginStart": -35,
                      "start": "100%",
                    },
                  }
                }
                collapsable={false}
                style={
                  Object {
                    "backgroundColor": "#FFFFFF",
                    "borderRadius": 17,
                    "height": 29,
                    "marginStart": -35,
                    "position": "absolute",
                    "start": "100%",
                    "width": 29,
                  }
                }
              />
            </View>
          </View>
        </View>
      </View>
    </View>
  </View>
</div>
`;
