// Jest Snapshot v1, https://goo.gl/fbAQLP

exports[`Splash renders correctly 1`] = `
<div>
  <View
    accessibilityIgnoresInvertColors={true}
    style={
      Array [
        Object {
          "display": "flex",
          "flex": 1,
          "flexDirection": "column",
        },
        Object {},
      ]
    }
  >
    <Image
      resizeMode="cover"
      source={1}
      style={
        Array [
          Object {
            "bottom": 0,
            "left": 0,
            "position": "absolute",
            "right": 0,
            "top": 0,
          },
          Object {
            "height": undefined,
            "width": undefined,
          },
          undefined,
        ]
      }
    />
    <RCTImageView
      internal_analyticTag={null}
      resizeMode="cover"
      source={
        Array [
          Object {
            "height": undefined,
            "uri": undefined,
            "width": undefined,
          },
        ]
      }
      style={
        Object {
          "height": 158,
          "marginLeft": 52,
          "marginTop": 52,
          "overflow": "hidden",
          "width": 158,
        }
      }
    />
    <RCTImageView
      internal_analyticTag={null}
      resizeMode="cover"
      source={
        Array [
          Object {
            "height": undefined,
            "uri": undefined,
            "width": undefined,
          },
        ]
      }
      style={
        Object {
          "height": undefined,
          "overflow": "hidden",
          "position": "absolute",
          "top": "26%",
          "width": undefined,
        }
      }
    />
    <View
      style={
        Object {
          "position": "absolute",
          "top": "68%",
        }
      }
    >
      <Text
        accessibilityHint="Splash screen title"
        accessibilityLabel="Splash title"
        accessibilityRole="text"
        accessible={true}
        allowFontScaling={false}
        style={
          Array [
            Object {},
            Array [
              Object {
                "fontSize": 23,
                "lineHeight": 35,
              },
              Object {
                "fontFamily": "Helvetica Neue",
              },
              Object {
                "color": "#191015",
              },
            ],
            undefined,
            undefined,
            Object {
              "color": "#FFFFFF",
              "fontFamily": "HelveticaNeue-Bold",
              "fontSize": 69,
              "lineHeight": 92,
              "marginLeft": 52,
              "width": 315,
            },
          ]
        }
      >
        onboarding.splash.title undefined
      </Text>
      <View
        style={
          Object {
            "alignItems": "center",
            "flexDirection": "row",
            "justifyContent": "space-between",
            "paddingHorizontal": 52,
            "width": "100%",
          }
        }
      >
        <Text
          accessibilityHint="Splash screen subtitle"
          accessibilityLabel="Splash subtitle"
          accessibilityRole="text"
          accessible={true}
          allowFontScaling={false}
          style={
            Array [
              Object {},
              Array [
                Object {
                  "fontSize": 23,
                  "lineHeight": 35,
                },
                Object {
                  "fontFamily": "Helvetica Neue",
                },
                Object {
                  "color": "#191015",
                },
              ],
              undefined,
              undefined,
              Object {
                "color": "#DEDDDE",
                "fontFamily": "Helvetica Neue",
                "fontSize": 35,
                "lineHeight": 42,
                "width": "85%",
              },
            ]
          }
        >
          onboarding.splash.subTitle undefined
        </Text>
        <button
          onClick={[Function]}
        >
          back
        </button>
      </View>
    </View>
  </View>
</div>
`;
