// Jest Snapshot v1, https://goo.gl/fbAQLP

exports[`renders correctly 1`] = `
<View
  accessibilityHint="coach mark"
  accessibilityLabel="coach mark"
  accessibilityRole="text"
  accessible={true}
  style={
    Array [
      Object {
        "alignItems": "center",
        "backgroundColor": "#0B3D91",
        "borderRadius": 23,
        "paddingHorizontal": 30,
        "paddingVertical": 36,
        "width": "100%",
      },
      Object {
        "marginTop": 18,
      },
    ]
  }
>
  <div
    style={
      Object {
        "color": "#FFFFFF",
        "fontFamily": "Helvetica Neue",
        "fontSize": 23,
        "left": 0,
        "lineHeight": 29,
        "opacity": 0.5,
        "padding": 24,
        "position": "absolute",
        "top": 0,
      }
    }
  >
    0/5
  </div>
  <div />
  <div
    style={
      Object {
        "color": "#FFFFFF",
        "fontFamily": "Helvetica Neue",
        "fontSize": 35,
        "lineHeight": 42,
        "paddingBottom": 12,
        "paddingTop": 18,
      }
    }
  />
  <div
    style={
      Object {
        "color": "#FFFFFF",
        "fontFamily": "Helvetica Neue",
        "fontSize": 26,
        "lineHeight": 32,
        "paddingBottom": 36,
      }
    }
  />
  <View
    style={
      Object {
        "alignSelf": "flex-end",
        "flexDirection": "row",
        "justifyContent": "space-between",
        "width": "100%",
      }
    }
  >
    <div />
    <div />
  </View>
</View>
`;
