// Jest Snapshot v1, https://goo.gl/fbAQLP

exports[`Sightings renders correctly 1`] = `
<View
  style={
    [
      {
        "backgroundColor": "#1E2022",
        "borderTopLeftRadius": 26,
        "borderTopRightRadius": 26,
        "flex": 1,
      },
      {},
      {},
    ]
  }
>
  <View
    accessibilityHint="close modal"
    accessibilityLabel="x button"
    accessibilityRole="button"
    accessible={true}
    style={
      {
        "padding": 26,
        "position": "absolute",
        "right": 0,
        "top": 0,
        "zIndex": 5,
      }
    }
  >
    <RCTImageView
      accessibilityState={
        {
          "busy": undefined,
          "checked": undefined,
          "disabled": undefined,
          "expanded": undefined,
          "selected": undefined,
        }
      }
      internal_analyticTag={null}
      resizeMode="contain"
      source={
        [
          {
            "height": undefined,
            "uri": undefined,
            "width": undefined,
          },
        ]
      }
      style={
        {
          "height": 52,
          "overflow": "hidden",
          "resizeMode": "contain",
          "tintColor": "#ADADAE",
          "width": 52,
        }
      }
      tintColor="#ADADAE"
    />
  </View>
  <Text
    accessibilityHint="title"
    accessibilityLabel="title"
    accessibilityRole="text"
    accessible={true}
    allowFontScaling={false}
    style={
      [
        {},
        [
          {
            "fontSize": 23,
            "lineHeight": 35,
          },
          {
            "fontFamily": "Helvetica Neue",
          },
          {
            "color": "#191015",
          },
        ],
        undefined,
        undefined,
        {
          "color": "#DEDDDE",
          "fontFamily": "Helvetica Neue",
          "fontSize": 40,
          "lineHeight": 63,
          "marginBottom": 15,
          "marginTop": 15,
          "paddingHorizontal": 52,
        },
      ]
    }
  >
    homeScreen.selectSightings.title undefined
  </Text>
  <Text
    accessibilityHint="title"
    accessibilityLabel="title"
    accessibilityRole="text"
    accessible={true}
    allowFontScaling={false}
    style={
      [
        {},
        [
          {
            "fontSize": 23,
            "lineHeight": 35,
          },
          {
            "fontFamily": "Helvetica Neue",
          },
          {
            "color": "#191015",
          },
        ],
        undefined,
        undefined,
        {
          "color": "#FFFFFF",
          "fontFamily": "Helvetica Neue",
          "fontSize": 26,
          "lineHeight": 32,
          "paddingHorizontal": 52,
          "width": "95%",
        },
      ]
    }
  >
    homeScreen.selectSightings.selectMessage undefined
  </Text>
  <View
    style={
      {
        "borderBottomColor": "#1E2022",
        "flexDirection": "row",
        "justifyContent": "space-between",
        "paddingHorizontal": 52,
        "paddingTop": 22,
      }
    }
  >
    <Text
      allowFontScaling={false}
      style={
        [
          {},
          [
            {
              "fontSize": 23,
              "lineHeight": 35,
            },
            {
              "fontFamily": "Helvetica Neue",
            },
            {
              "color": "#191015",
            },
          ],
          undefined,
          undefined,
          {
            "color": "#DEDDDE",
            "fontFamily": "Helvetica Neue",
            "fontSize": 23,
            "lineHeight": 30,
            "width": "80%",
          },
        ]
      }
    >
      homeScreen.selectSightings.switch undefined
    </Text>
    <View
      accessibilityHint="toggle notifications"
      accessibilityLabel="switch button"
      accessibilityRole="switch"
      accessibilityState={
        {
          "busy": undefined,
          "checked": undefined,
          "disabled": undefined,
          "expanded": undefined,
          "selected": undefined,
        }
      }
      accessibilityValue={
        {
          "max": undefined,
          "min": undefined,
          "now": undefined,
          "text": undefined,
        }
      }
      accessible={true}
      collapsable={false}
      focusable={true}
      onClick={[Function]}
      onResponderGrant={[Function]}
      onResponderMove={[Function]}
      onResponderRelease={[Function]}
      onResponderTerminate={[Function]}
      onResponderTerminationRequest={[Function]}
      onStartShouldSetResponder={[Function]}
      style={
        {
          "opacity": 1,
        }
      }
    >
      <View
        style={
          [
            {
              "alignItems": "center",
              "flexDirection": "row",
            },
            undefined,
          ]
        }
      >
        <View
          style={
            [
              {
                "alignItems": "center",
                "borderRadius": 23,
                "borderWidth": 0,
                "flexDirection": "row",
                "flexGrow": 0,
                "flexShrink": 0,
                "height": 40,
                "justifyContent": "space-between",
                "overflow": "hidden",
                "width": 66,
              },
              {
                "backgroundColor": "#353739",
              },
              undefined,
            ]
          }
        >
          <View
            animatedStyle={
              {
                "value": {
                  "opacity": 0,
                },
              }
            }
            collapsable={false}
            style={
              {
                "alignItems": "center",
                "backgroundColor": "#0B3D91",
                "borderColor": "rgba(0, 0, 0, 0)",
                "height": "100%",
                "opacity": 0,
                "overflow": "hidden",
                "paddingEnd": 6,
                "paddingStart": 6,
                "position": "absolute",
                "width": "100%",
              }
            }
          />
          <View
            animatedStyle={
              {
                "value": {
                  "marginStart": 6,
                  "start": "0%",
                },
              }
            }
            collapsable={false}
            style={
              {
                "backgroundColor": "#F4F2F1",
                "borderRadius": 17,
                "height": 29,
                "marginStart": 6,
                "position": "absolute",
                "start": "0%",
                "width": 29,
              }
            }
          />
        </View>
      </View>
    </View>
  </View>
  <View
    style={
      {
        "flexDirection": "row",
        "justifyContent": "space-between",
        "marginHorizontal": -7,
        "paddingHorizontal": 52,
        "paddingTop": 29,
      }
    }
  >
    <View
      style={
        {
          "flex": 1,
          "marginHorizontal": 7,
        }
      }
    >
      <Text
        accessibilityHint="homeScreen.selectSightings.timeOfDay"
        accessibilityLabel="title"
        accessibilityRole="text"
        accessible={true}
        allowFontScaling={false}
        style={
          [
            {},
            [
              {
                "fontSize": 23,
                "lineHeight": 35,
              },
              {
                "fontFamily": "Helvetica Neue",
              },
              {
                "color": "#191015",
              },
            ],
            undefined,
            undefined,
            {
              "color": "#ADADAE",
              "fontFamily": "Helvetica Neue",
              "fontSize": 19,
              "lineHeight": 23,
              "textTransform": "uppercase",
            },
          ]
        }
      >
        homeScreen.selectSightings.timeOfDay undefined
      </Text>
      <View
        onLayout={[Function]}
        style={
          {
            "backgroundColor": "#353739",
            "borderRadius": 40,
            "height": 80,
            "justifyContent": "center",
            "marginTop": 15,
            "overflow": "hidden",
          }
        }
      >
        <View
          accessibilityLabel="select"
          accessibilityState={
            {
              "busy": undefined,
              "checked": undefined,
              "disabled": undefined,
              "expanded": undefined,
              "selected": undefined,
            }
          }
          accessible={true}
          focusable={true}
          onClick={[Function]}
          onResponderGrant={[Function]}
          onResponderMove={[Function]}
          onResponderRelease={[Function]}
          onResponderTerminate={[Function]}
          onResponderTerminationRequest={[Function]}
          onStartShouldSetResponder={[Function]}
          style={
            {
              "alignItems": "center",
              "flexDirection": "row",
              "height": 35,
              "justifyContent": "space-between",
            }
          }
        >
          <Text
            style={
              [
                {
                  "flex": 1,
                  "fontSize": 16,
                },
                [
                  {
                    "color": "#DEDDDE",
                    "fontFamily": "Helvetica Neue",
                    "fontSize": 26,
                    "paddingHorizontal": 0,
                    "paddingVertical": 0,
                  },
                  {
                    "alignItems": "center",
                    "alignSelf": "center",
                    "color": "#DEDDDE",
                    "justifyContent": "center",
                    "marginHorizontal": 17,
                    "textAlignVertical": "center",
                  },
                ],
                {},
              ]
            }
          >
            homeScreen.selectSightings.all undefined
          </Text>
          <View
            style={
              {
                "alignItems": "center",
                "height": 80,
                "justifyContent": "center",
                "marginRight": 17,
              }
            }
          >
            <RCTImageView
              accessibilityState={
                {
                  "busy": undefined,
                  "checked": undefined,
                  "disabled": undefined,
                  "expanded": undefined,
                  "selected": undefined,
                }
              }
              internal_analyticTag={null}
              resizeMode="contain"
              source={
                [
                  {
                    "height": undefined,
                    "uri": undefined,
                    "width": undefined,
                  },
                ]
              }
              style={
                {
                  "height": 40,
                  "overflow": "hidden",
                  "resizeMode": "contain",
                  "tintColor": "#ADADAE",
                  "width": 40,
                }
              }
              tintColor="#ADADAE"
            />
          </View>
        </View>
      </View>
    </View>
    <View
      style={
        {
          "flex": 1,
          "marginHorizontal": 7,
        }
      }
    >
      <Text
        accessibilityHint="homeScreen.selectSightings.duration"
        accessibilityLabel="title"
        accessibilityRole="text"
        accessible={true}
        allowFontScaling={false}
        style={
          [
            {},
            [
              {
                "fontSize": 23,
                "lineHeight": 35,
              },
              {
                "fontFamily": "Helvetica Neue",
              },
              {
                "color": "#191015",
              },
            ],
            undefined,
            undefined,
            {
              "color": "#ADADAE",
              "fontFamily": "Helvetica Neue",
              "fontSize": 19,
              "lineHeight": 23,
              "textTransform": "uppercase",
            },
          ]
        }
      >
        homeScreen.selectSightings.duration undefined
      </Text>
      <View
        onLayout={[Function]}
        style={
          {
            "backgroundColor": "#353739",
            "borderRadius": 40,
            "height": 80,
            "justifyContent": "center",
            "marginTop": 15,
            "overflow": "hidden",
          }
        }
      >
        <View
          accessibilityLabel="select"
          accessibilityState={
            {
              "busy": undefined,
              "checked": undefined,
              "disabled": undefined,
              "expanded": undefined,
              "selected": undefined,
            }
          }
          accessible={true}
          focusable={true}
          onClick={[Function]}
          onResponderGrant={[Function]}
          onResponderMove={[Function]}
          onResponderRelease={[Function]}
          onResponderTerminate={[Function]}
          onResponderTerminationRequest={[Function]}
          onStartShouldSetResponder={[Function]}
          style={
            {
              "alignItems": "center",
              "flexDirection": "row",
              "height": 35,
              "justifyContent": "space-between",
            }
          }
        >
          <Text
            style={
              [
                {
                  "flex": 1,
                  "fontSize": 16,
                },
                [
                  {
                    "color": "#DEDDDE",
                    "fontFamily": "Helvetica Neue",
                    "fontSize": 26,
                    "paddingHorizontal": 0,
                    "paddingVertical": 0,
                  },
                  {
                    "alignItems": "center",
                    "alignSelf": "center",
                    "color": "#DEDDDE",
                    "justifyContent": "center",
                    "marginHorizontal": 17,
                    "textAlignVertical": "center",
                  },
                ],
                {},
              ]
            }
          >
            homeScreen.selectSightings.all undefined
          </Text>
          <View
            style={
              {
                "alignItems": "center",
                "height": 80,
                "justifyContent": "center",
                "marginRight": 17,
              }
            }
          >
            <RCTImageView
              accessibilityState={
                {
                  "busy": undefined,
                  "checked": undefined,
                  "disabled": undefined,
                  "expanded": undefined,
                  "selected": undefined,
                }
              }
              internal_analyticTag={null}
              resizeMode="contain"
              source={
                [
                  {
                    "height": undefined,
                    "uri": undefined,
                    "width": undefined,
                  },
                ]
              }
              style={
                {
                  "height": 40,
                  "overflow": "hidden",
                  "resizeMode": "contain",
                  "tintColor": "#ADADAE",
                  "width": 40,
                }
              }
              tintColor="#ADADAE"
            />
          </View>
        </View>
      </View>
    </View>
  </View>
  <View
    style={
      {
        "flex": 1,
        "paddingBottom": 43,
        "paddingHorizontal": 52,
      }
    }
  >
    <View
      style={
        [
          {
            "marginTop": 52,
            "width": "100%",
          },
          undefined,
        ]
      }
    >
      <View
        style={
          {
            "flexDirection": "row",
            "justifyContent": "space-between",
            "marginBottom": 26,
          }
        }
      >
        <View
          style={
            [
              {
                "alignItems": "center",
                "flex": 1,
                "flexDirection": "row",
              },
              {
                "flexDirection": "row-reverse",
              },
            ]
          }
        >
          <Text
            accessibilityHint="homeScreen.selectSightings.sightings"
            accessibilityLabel="title"
            accessibilityRole="text"
            accessible={true}
            allowFontScaling={false}
            style={
              [
                {},
                [
                  {
                    "fontSize": 23,
                    "lineHeight": 35,
                  },
                  {
                    "fontFamily": "Helvetica Neue",
                  },
                  {
                    "color": "#191015",
                  },
                ],
                undefined,
                undefined,
                [
                  {
                    "color": "#ADADAE",
                    "fontFamily": "Helvetica Neue",
                    "fontSize": 19,
                    "lineHeight": 23,
                    "textTransform": "uppercase",
                  },
                  {
                    "textAlign": "right",
                    "width": "100%",
                  },
                ],
              ]
            }
          >
            homeScreen.selectSightings.sightings undefined
          </Text>
        </View>
      </View>
      <RCTScrollView
        accessibilityHint="Sightings scrollable area"
        accessibilityLabel="Sightings scrollable area"
        accessibilityRole="scrollbar"
        accessible={true}
      >
        <View>
          <View
            accessibilityHint="pressable list item"
            accessibilityLabel="pressable list item"
            accessibilityRole="button"
            accessibilityState={
              {
                "busy": undefined,
                "checked": undefined,
                "disabled": undefined,
                "expanded": undefined,
                "selected": undefined,
              }
            }
            accessibilityValue={
              {
                "max": undefined,
                "min": undefined,
                "now": undefined,
                "text": undefined,
              }
            }
            accessible={true}
            collapsable={false}
            focusable={true}
            onBlur={[Function]}
            onClick={[Function]}
            onFocus={[Function]}
            onResponderGrant={[Function]}
            onResponderMove={[Function]}
            onResponderRelease={[Function]}
            onResponderTerminate={[Function]}
            onResponderTerminationRequest={[Function]}
            onStartShouldSetResponder={[Function]}
            style={
              {
                "alignItems": "flex-start",
                "flexDirection": "row",
                "justifyContent": "space-between",
                "paddingTop": 23,
                "width": "100%",
              }
            }
          >
            <View>
              <View>
                <RCTImageView
                  accessibilityState={
                    {
                      "busy": undefined,
                      "checked": undefined,
                      "disabled": undefined,
                      "expanded": undefined,
                      "selected": undefined,
                    }
                  }
                  internal_analyticTag={null}
                  resizeMode="contain"
                  source={
                    [
                      {
                        "height": undefined,
                        "uri": undefined,
                        "width": undefined,
                      },
                    ]
                  }
                  style={
                    {
                      "height": 35,
                      "overflow": "hidden",
                      "resizeMode": "contain",
                      "tintColor": "#ADADAE",
                      "width": 35,
                    }
                  }
                  tintColor="#ADADAE"
                />
              </View>
              <View>
                <RCTImageView
                  accessibilityState={
                    {
                      "busy": undefined,
                      "checked": undefined,
                      "disabled": undefined,
                      "expanded": undefined,
                      "selected": undefined,
                    }
                  }
                  internal_analyticTag={null}
                  resizeMode="contain"
                  source={
                    [
                      {
                        "height": undefined,
                        "uri": undefined,
                        "width": undefined,
                      },
                    ]
                  }
                  style={
                    {
                      "height": 35,
                      "overflow": "hidden",
                      "resizeMode": "contain",
                      "tintColor": "#ADADAE",
                      "width": 35,
                    }
                  }
                  tintColor="#ADADAE"
                />
              </View>
            </View>
            <View
              style={
                [
                  {
                    "alignItems": "flex-start",
                    "borderBottomWidth": 2,
                    "borderColor": "#353739",
                    "flex": 1,
                    "flexDirection": "row",
                    "justifyContent": "space-between",
                    "marginLeft": 15,
                    "paddingBottom": 23,
                  },
                  undefined,
                ]
              }
            >
              <View
                accessibilityHint="list item body"
                accessibilityLabel="list item body"
                accessibilityRole="text"
                accessible={true}
                style={
                  {
                    "flex": 1,
                    "flexDirection": "column",
                  }
                }
              >
                <Text
                  allowFontScaling={false}
                  ellipsizeMode="tail"
                  numberOfLines={1}
                  style={
                    [
                      {},
                      [
                        {
                          "fontSize": 23,
                          "lineHeight": 35,
                        },
                        {
                          "fontFamily": "Helvetica Neue",
                        },
                        {
                          "color": "#191015",
                        },
                      ],
                      undefined,
                      undefined,
                      {
                        "color": "#FFFFFF",
                        "fontFamily": "Helvetica Neue",
                        "fontSize": 26,
                        "lineHeight": 32,
                        "width": "95%",
                      },
                    ]
                  }
                >
                  12 Dec 2020, 10:10 AM UTC
                </Text>
                <Text
                  allowFontScaling={false}
                  ellipsizeMode="tail"
                  numberOfLines={1}
                  style={
                    [
                      {},
                      [
                        {
                          "fontSize": 23,
                          "lineHeight": 35,
                        },
                        {
                          "fontFamily": "Helvetica Neue",
                        },
                        {
                          "color": "#191015",
                        },
                      ],
                      undefined,
                      undefined,
                      {
                        "color": "#FFFFFF",
                        "fontFamily": "Helvetica Neue",
                        "fontSize": 23,
                        "lineHeight": 27,
                        "paddingTop": 7,
                        "width": "95%",
                      },
                    ]
                  }
                >
                  homeScreen.selectSightings.aboveHorizon undefined 5 units.minute undefined
                </Text>
                <Text
                  allowFontScaling={false}
                  ellipsizeMode="tail"
                  numberOfLines={1}
                  style={
                    [
                      {},
                      [
                        {
                          "fontSize": 23,
                          "lineHeight": 35,
                        },
                        {
                          "fontFamily": "Helvetica Neue",
                        },
                        {
                          "color": "#191015",
                        },
                      ],
                      undefined,
                      undefined,
                      {
                        "color": "#FFFFFF",
                        "fontFamily": "Helvetica Neue",
                        "fontSize": 23,
                        "lineHeight": 27,
                        "paddingTop": 7,
                        "width": "95%",
                      },
                    ]
                  }
                >
                  homeScreen.selectSightings.maxHeight undefined 20°
                </Text>
                <Text
                  allowFontScaling={false}
                  ellipsizeMode="tail"
                  numberOfLines={1}
                  style={
                    [
                      {},
                      [
                        {
                          "fontSize": 23,
                          "lineHeight": 35,
                        },
                        {
                          "fontFamily": "Helvetica Neue",
                        },
                        {
                          "color": "#191015",
                        },
                      ],
                      undefined,
                      undefined,
                      {
                        "color": "#FFFFFF",
                        "fontFamily": "Helvetica Neue",
                        "fontSize": 23,
                        "lineHeight": 27,
                        "paddingTop": 7,
                        "width": "95%",
                      },
                    ]
                  }
                >
                  homeScreen.selectSightings.appears undefined: 0° homeScreen.selectSightings.compass.N undefined
                </Text>
                <Text
                  allowFontScaling={false}
                  ellipsizeMode="tail"
                  numberOfLines={1}
                  style={
                    [
                      {},
                      [
                        {
                          "fontSize": 23,
                          "lineHeight": 35,
                        },
                        {
                          "fontFamily": "Helvetica Neue",
                        },
                        {
                          "color": "#191015",
                        },
                      ],
                      undefined,
                      undefined,
                      {
                        "color": "#FFFFFF",
                        "fontFamily": "Helvetica Neue",
                        "fontSize": 23,
                        "lineHeight": 27,
                        "paddingTop": 7,
                        "width": "95%",
                      },
                    ]
                  }
                >
                  homeScreen.selectSightings.disappears undefined: 0° homeScreen.selectSightings.compass.N undefined
                </Text>
              </View>
              <View
                accessibilityHint="toggle location alerts"
                accessibilityLabel="switch button"
                accessibilityRole="switch"
                accessibilityState={
                  {
                    "busy": undefined,
                    "checked": true,
                    "disabled": undefined,
                    "expanded": undefined,
                    "selected": undefined,
                  }
                }
                accessibilityValue={
                  {
                    "max": undefined,
                    "min": undefined,
                    "now": undefined,
                    "text": undefined,
                  }
                }
                accessible={true}
                collapsable={false}
                focusable={true}
                onClick={[Function]}
                onResponderGrant={[Function]}
                onResponderMove={[Function]}
                onResponderRelease={[Function]}
                onResponderTerminate={[Function]}
                onResponderTerminationRequest={[Function]}
                onStartShouldSetResponder={[Function]}
                style={
                  {
                    "opacity": 1,
                  }
                }
              >
                <View
                  style={
                    [
                      {
                        "alignItems": "center",
                        "flexDirection": "row",
                      },
                      undefined,
                    ]
                  }
                >
                  <View
                    style={
                      [
                        {
                          "alignItems": "center",
                          "borderRadius": 23,
                          "borderWidth": 0,
                          "flexDirection": "row",
                          "flexGrow": 0,
                          "flexShrink": 0,
                          "height": 40,
                          "justifyContent": "space-between",
                          "overflow": "hidden",
                          "width": 66,
                        },
                        {
                          "backgroundColor": "#353739",
                        },
                        undefined,
                      ]
                    }
                  >
                    <View
                      animatedStyle={
                        {
                          "value": {
                            "opacity": 1,
                          },
                        }
                      }
                      collapsable={false}
                      style={
                        {
                          "alignItems": "center",
                          "backgroundColor": "#0B3D91",
                          "borderColor": "rgba(0, 0, 0, 0)",
                          "height": "100%",
                          "opacity": 1,
                          "overflow": "hidden",
                          "paddingEnd": 6,
                          "paddingStart": 6,
                          "position": "absolute",
                          "width": "100%",
                        }
                      }
                    />
                    <View
                      animatedStyle={
                        {
                          "value": {
                            "marginStart": -35,
                            "start": "100%",
                          },
                        }
                      }
                      collapsable={false}
                      style={
                        {
                          "backgroundColor": "#FFFFFF",
                          "borderRadius": 17,
                          "height": 29,
                          "marginStart": -35,
                          "position": "absolute",
                          "start": "100%",
                          "width": 29,
                        }
                      }
                    />
                  </View>
                </View>
              </View>
            </View>
          </View>
          <View
            accessibilityHint="pressable list item"
            accessibilityLabel="pressable list item"
            accessibilityRole="button"
            accessibilityState={
              {
                "busy": undefined,
                "checked": undefined,
                "disabled": undefined,
                "expanded": undefined,
                "selected": undefined,
              }
            }
            accessibilityValue={
              {
                "max": undefined,
                "min": undefined,
                "now": undefined,
                "text": undefined,
              }
            }
            accessible={true}
            collapsable={false}
            focusable={true}
            onBlur={[Function]}
            onClick={[Function]}
            onFocus={[Function]}
            onResponderGrant={[Function]}
            onResponderMove={[Function]}
            onResponderRelease={[Function]}
            onResponderTerminate={[Function]}
            onResponderTerminationRequest={[Function]}
            onStartShouldSetResponder={[Function]}
            style={
              {
                "alignItems": "flex-start",
                "flexDirection": "row",
                "justifyContent": "space-between",
                "paddingTop": 23,
                "width": "100%",
              }
            }
          >
            <View>
              <View>
                <RCTImageView
                  accessibilityState={
                    {
                      "busy": undefined,
                      "checked": undefined,
                      "disabled": undefined,
                      "expanded": undefined,
                      "selected": undefined,
                    }
                  }
                  internal_analyticTag={null}
                  resizeMode="contain"
                  source={
                    [
                      {
                        "height": undefined,
                        "uri": undefined,
                        "width": undefined,
                      },
                    ]
                  }
                  style={
                    {
                      "height": 35,
                      "overflow": "hidden",
                      "resizeMode": "contain",
                      "tintColor": "#ADADAE",
                      "width": 35,
                    }
                  }
                  tintColor="#ADADAE"
                />
              </View>
              <View>
                <RCTImageView
                  accessibilityState={
                    {
                      "busy": undefined,
                      "checked": undefined,
                      "disabled": undefined,
                      "expanded": undefined,
                      "selected": undefined,
                    }
                  }
                  internal_analyticTag={null}
                  resizeMode="contain"
                  source={
                    [
                      {
                        "height": undefined,
                        "uri": undefined,
                        "width": undefined,
                      },
                    ]
                  }
                  style={
                    {
                      "height": 35,
                      "overflow": "hidden",
                      "resizeMode": "contain",
                      "tintColor": "#FD9C1F",
                      "width": 35,
                    }
                  }
                  tintColor="#FD9C1F"
                />
              </View>
            </View>
            <View
              style={
                [
                  {
                    "alignItems": "flex-start",
                    "borderBottomWidth": 2,
                    "borderColor": "#353739",
                    "flex": 1,
                    "flexDirection": "row",
                    "justifyContent": "space-between",
                    "marginLeft": 15,
                    "paddingBottom": 23,
                  },
                  undefined,
                ]
              }
            >
              <View
                accessibilityHint="list item body"
                accessibilityLabel="list item body"
                accessibilityRole="text"
                accessible={true}
                style={
                  {
                    "flex": 1,
                    "flexDirection": "column",
                  }
                }
              >
                <Text
                  allowFontScaling={false}
                  ellipsizeMode="tail"
                  numberOfLines={1}
                  style={
                    [
                      {},
                      [
                        {
                          "fontSize": 23,
                          "lineHeight": 35,
                        },
                        {
                          "fontFamily": "Helvetica Neue",
                        },
                        {
                          "color": "#191015",
                        },
                      ],
                      undefined,
                      undefined,
                      {
                        "color": "#FFFFFF",
                        "fontFamily": "Helvetica Neue",
                        "fontSize": 26,
                        "lineHeight": 32,
                        "width": "95%",
                      },
                    ]
                  }
                >
                  13 Dec 2020, 10:15 AM UTC
                </Text>
                <Text
                  allowFontScaling={false}
                  ellipsizeMode="tail"
                  numberOfLines={1}
                  style={
                    [
                      {},
                      [
                        {
                          "fontSize": 23,
                          "lineHeight": 35,
                        },
                        {
                          "fontFamily": "Helvetica Neue",
                        },
                        {
                          "color": "#191015",
                        },
                      ],
                      undefined,
                      undefined,
                      {
                        "color": "#FFFFFF",
                        "fontFamily": "Helvetica Neue",
                        "fontSize": 23,
                        "lineHeight": 27,
                        "paddingTop": 7,
                        "width": "95%",
                      },
                    ]
                  }
                >
                  homeScreen.selectSightings.aboveHorizon undefined 5 units.minute undefined
                </Text>
                <Text
                  allowFontScaling={false}
                  ellipsizeMode="tail"
                  numberOfLines={1}
                  style={
                    [
                      {},
                      [
                        {
                          "fontSize": 23,
                          "lineHeight": 35,
                        },
                        {
                          "fontFamily": "Helvetica Neue",
                        },
                        {
                          "color": "#191015",
                        },
                      ],
                      undefined,
                      undefined,
                      {
                        "color": "#FFFFFF",
                        "fontFamily": "Helvetica Neue",
                        "fontSize": 23,
                        "lineHeight": 27,
                        "paddingTop": 7,
                        "width": "95%",
                      },
                    ]
                  }
                >
                  homeScreen.selectSightings.maxHeight undefined 20°
                </Text>
                <Text
                  allowFontScaling={false}
                  ellipsizeMode="tail"
                  numberOfLines={1}
                  style={
                    [
                      {},
                      [
                        {
                          "fontSize": 23,
                          "lineHeight": 35,
                        },
                        {
                          "fontFamily": "Helvetica Neue",
                        },
                        {
                          "color": "#191015",
                        },
                      ],
                      undefined,
                      undefined,
                      {
                        "color": "#FFFFFF",
                        "fontFamily": "Helvetica Neue",
                        "fontSize": 23,
                        "lineHeight": 27,
                        "paddingTop": 7,
                        "width": "95%",
                      },
                    ]
                  }
                >
                  homeScreen.selectSightings.appears undefined: 0° homeScreen.selectSightings.compass.N undefined
                </Text>
                <Text
                  allowFontScaling={false}
                  ellipsizeMode="tail"
                  numberOfLines={1}
                  style={
                    [
                      {},
                      [
                        {
                          "fontSize": 23,
                          "lineHeight": 35,
                        },
                        {
                          "fontFamily": "Helvetica Neue",
                        },
                        {
                          "color": "#191015",
                        },
                      ],
                      undefined,
                      undefined,
                      {
                        "color": "#FFFFFF",
                        "fontFamily": "Helvetica Neue",
                        "fontSize": 23,
                        "lineHeight": 27,
                        "paddingTop": 7,
                        "width": "95%",
                      },
                    ]
                  }
                >
                  homeScreen.selectSightings.disappears undefined: 0° homeScreen.selectSightings.compass.N undefined
                </Text>
              </View>
              <View
                accessibilityHint="toggle location alerts"
                accessibilityLabel="switch button"
                accessibilityRole="switch"
                accessibilityState={
                  {
                    "busy": undefined,
                    "checked": false,
                    "disabled": undefined,
                    "expanded": undefined,
                    "selected": undefined,
                  }
                }
                accessibilityValue={
                  {
                    "max": undefined,
                    "min": undefined,
                    "now": undefined,
                    "text": undefined,
                  }
                }
                accessible={true}
                collapsable={false}
                focusable={true}
                onClick={[Function]}
                onResponderGrant={[Function]}
                onResponderMove={[Function]}
                onResponderRelease={[Function]}
                onResponderTerminate={[Function]}
                onResponderTerminationRequest={[Function]}
                onStartShouldSetResponder={[Function]}
                style={
                  {
                    "opacity": 1,
                  }
                }
              >
                <View
                  style={
                    [
                      {
                        "alignItems": "center",
                        "flexDirection": "row",
                      },
                      undefined,
                    ]
                  }
                >
                  <View
                    style={
                      [
                        {
                          "alignItems": "center",
                          "borderRadius": 23,
                          "borderWidth": 0,
                          "flexDirection": "row",
                          "flexGrow": 0,
                          "flexShrink": 0,
                          "height": 40,
                          "justifyContent": "space-between",
                          "overflow": "hidden",
                          "width": 66,
                        },
                        {
                          "backgroundColor": "#353739",
                        },
                        undefined,
                      ]
                    }
                  >
                    <View
                      animatedStyle={
                        {
                          "value": {
                            "opacity": 0,
                          },
                        }
                      }
                      collapsable={false}
                      style={
                        {
                          "alignItems": "center",
                          "backgroundColor": "#0B3D91",
                          "borderColor": "rgba(0, 0, 0, 0)",
                          "height": "100%",
                          "opacity": 0,
                          "overflow": "hidden",
                          "paddingEnd": 6,
                          "paddingStart": 6,
                          "position": "absolute",
                          "width": "100%",
                        }
                      }
                    />
                    <View
                      animatedStyle={
                        {
                          "value": {
                            "marginStart": 6,
                            "start": "0%",
                          },
                        }
                      }
                      collapsable={false}
                      style={
                        {
                          "backgroundColor": "#F4F2F1",
                          "borderRadius": 17,
                          "height": 29,
                          "marginStart": 6,
                          "position": "absolute",
                          "start": "0%",
                          "width": 29,
                        }
                      }
                    />
                  </View>
                </View>
              </View>
            </View>
          </View>
          <View
            accessibilityHint="pressable list item"
            accessibilityLabel="pressable list item"
            accessibilityRole="button"
            accessibilityState={
              {
                "busy": undefined,
                "checked": undefined,
                "disabled": undefined,
                "expanded": undefined,
                "selected": undefined,
              }
            }
            accessibilityValue={
              {
                "max": undefined,
                "min": undefined,
                "now": undefined,
                "text": undefined,
              }
            }
            accessible={true}
            collapsable={false}
            focusable={true}
            onBlur={[Function]}
            onClick={[Function]}
            onFocus={[Function]}
            onResponderGrant={[Function]}
            onResponderMove={[Function]}
            onResponderRelease={[Function]}
            onResponderTerminate={[Function]}
            onResponderTerminationRequest={[Function]}
            onStartShouldSetResponder={[Function]}
            style={
              {
                "alignItems": "flex-start",
                "flexDirection": "row",
                "justifyContent": "space-between",
                "paddingTop": 23,
                "width": "100%",
              }
            }
          >
            <View>
              <View>
                <RCTImageView
                  accessibilityState={
                    {
                      "busy": undefined,
                      "checked": undefined,
                      "disabled": undefined,
                      "expanded": undefined,
                      "selected": undefined,
                    }
                  }
                  internal_analyticTag={null}
                  resizeMode="contain"
                  source={
                    [
                      {
                        "height": undefined,
                        "uri": undefined,
                        "width": undefined,
                      },
                    ]
                  }
                  style={
                    {
                      "height": 35,
                      "overflow": "hidden",
                      "resizeMode": "contain",
                      "tintColor": "#ADADAE",
                      "width": 35,
                    }
                  }
                  tintColor="#ADADAE"
                />
              </View>
              <View>
                <RCTImageView
                  accessibilityState={
                    {
                      "busy": undefined,
                      "checked": undefined,
                      "disabled": undefined,
                      "expanded": undefined,
                      "selected": undefined,
                    }
                  }
                  internal_analyticTag={null}
                  resizeMode="contain"
                  source={
                    [
                      {
                        "height": undefined,
                        "uri": undefined,
                        "width": undefined,
                      },
                    ]
                  }
                  style={
                    {
                      "height": 35,
                      "overflow": "hidden",
                      "resizeMode": "contain",
                      "tintColor": "yellow",
                      "width": 35,
                    }
                  }
                  tintColor="yellow"
                />
              </View>
            </View>
            <View
              style={
                [
                  {
                    "alignItems": "flex-start",
                    "borderBottomWidth": 2,
                    "borderColor": "#353739",
                    "flex": 1,
                    "flexDirection": "row",
                    "justifyContent": "space-between",
                    "marginLeft": 15,
                    "paddingBottom": 23,
                  },
                  undefined,
                ]
              }
            >
              <View
                accessibilityHint="list item body"
                accessibilityLabel="list item body"
                accessibilityRole="text"
                accessible={true}
                style={
                  {
                    "flex": 1,
                    "flexDirection": "column",
                  }
                }
              >
                <Text
                  allowFontScaling={false}
                  ellipsizeMode="tail"
                  numberOfLines={1}
                  style={
                    [
                      {},
                      [
                        {
                          "fontSize": 23,
                          "lineHeight": 35,
                        },
                        {
                          "fontFamily": "Helvetica Neue",
                        },
                        {
                          "color": "#191015",
                        },
                      ],
                      undefined,
                      undefined,
                      {
                        "color": "#FFFFFF",
                        "fontFamily": "Helvetica Neue",
                        "fontSize": 26,
                        "lineHeight": 32,
                        "width": "95%",
                      },
                    ]
                  }
                >
                  24 Dec 2020, 10:20 AM UTC
                </Text>
                <Text
                  allowFontScaling={false}
                  ellipsizeMode="tail"
                  numberOfLines={1}
                  style={
                    [
                      {},
                      [
                        {
                          "fontSize": 23,
                          "lineHeight": 35,
                        },
                        {
                          "fontFamily": "Helvetica Neue",
                        },
                        {
                          "color": "#191015",
                        },
                      ],
                      undefined,
                      undefined,
                      {
                        "color": "#FFFFFF",
                        "fontFamily": "Helvetica Neue",
                        "fontSize": 23,
                        "lineHeight": 27,
                        "paddingTop": 7,
                        "width": "95%",
                      },
                    ]
                  }
                >
                  homeScreen.selectSightings.aboveHorizon undefined 5 units.minute undefined
                </Text>
                <Text
                  allowFontScaling={false}
                  ellipsizeMode="tail"
                  numberOfLines={1}
                  style={
                    [
                      {},
                      [
                        {
                          "fontSize": 23,
                          "lineHeight": 35,
                        },
                        {
                          "fontFamily": "Helvetica Neue",
                        },
                        {
                          "color": "#191015",
                        },
                      ],
                      undefined,
                      undefined,
                      {
                        "color": "#FFFFFF",
                        "fontFamily": "Helvetica Neue",
                        "fontSize": 23,
                        "lineHeight": 27,
                        "paddingTop": 7,
                        "width": "95%",
                      },
                    ]
                  }
                >
                  homeScreen.selectSightings.maxHeight undefined 20°
                </Text>
                <Text
                  allowFontScaling={false}
                  ellipsizeMode="tail"
                  numberOfLines={1}
                  style={
                    [
                      {},
                      [
                        {
                          "fontSize": 23,
                          "lineHeight": 35,
                        },
                        {
                          "fontFamily": "Helvetica Neue",
                        },
                        {
                          "color": "#191015",
                        },
                      ],
                      undefined,
                      undefined,
                      {
                        "color": "#FFFFFF",
                        "fontFamily": "Helvetica Neue",
                        "fontSize": 23,
                        "lineHeight": 27,
                        "paddingTop": 7,
                        "width": "95%",
                      },
                    ]
                  }
                >
                  homeScreen.selectSightings.appears undefined: 0° homeScreen.selectSightings.compass.N undefined
                </Text>
                <Text
                  allowFontScaling={false}
                  ellipsizeMode="tail"
                  numberOfLines={1}
                  style={
                    [
                      {},
                      [
                        {
                          "fontSize": 23,
                          "lineHeight": 35,
                        },
                        {
                          "fontFamily": "Helvetica Neue",
                        },
                        {
                          "color": "#191015",
                        },
                      ],
                      undefined,
                      undefined,
                      {
                        "color": "#FFFFFF",
                        "fontFamily": "Helvetica Neue",
                        "fontSize": 23,
                        "lineHeight": 27,
                        "paddingTop": 7,
                        "width": "95%",
                      },
                    ]
                  }
                >
                  homeScreen.selectSightings.disappears undefined: 0° homeScreen.selectSightings.compass.N undefined
                </Text>
              </View>
              <View
                accessibilityHint="toggle location alerts"
                accessibilityLabel="switch button"
                accessibilityRole="switch"
                accessibilityState={
                  {
                    "busy": undefined,
                    "checked": true,
                    "disabled": undefined,
                    "expanded": undefined,
                    "selected": undefined,
                  }
                }
                accessibilityValue={
                  {
                    "max": undefined,
                    "min": undefined,
                    "now": undefined,
                    "text": undefined,
                  }
                }
                accessible={true}
                collapsable={false}
                focusable={true}
                onClick={[Function]}
                onResponderGrant={[Function]}
                onResponderMove={[Function]}
                onResponderRelease={[Function]}
                onResponderTerminate={[Function]}
                onResponderTerminationRequest={[Function]}
                onStartShouldSetResponder={[Function]}
                style={
                  {
                    "opacity": 1,
                  }
                }
              >
                <View
                  style={
                    [
                      {
                        "alignItems": "center",
                        "flexDirection": "row",
                      },
                      undefined,
                    ]
                  }
                >
                  <View
                    style={
                      [
                        {
                          "alignItems": "center",
                          "borderRadius": 23,
                          "borderWidth": 0,
                          "flexDirection": "row",
                          "flexGrow": 0,
                          "flexShrink": 0,
                          "height": 40,
                          "justifyContent": "space-between",
                          "overflow": "hidden",
                          "width": 66,
                        },
                        {
                          "backgroundColor": "#353739",
                        },
                        undefined,
                      ]
                    }
                  >
                    <View
                      animatedStyle={
                        {
                          "value": {
                            "opacity": 1,
                          },
                        }
                      }
                      collapsable={false}
                      style={
                        {
                          "alignItems": "center",
                          "backgroundColor": "#0B3D91",
                          "borderColor": "rgba(0, 0, 0, 0)",
                          "height": "100%",
                          "opacity": 1,
                          "overflow": "hidden",
                          "paddingEnd": 6,
                          "paddingStart": 6,
                          "position": "absolute",
                          "width": "100%",
                        }
                      }
                    />
                    <View
                      animatedStyle={
                        {
                          "value": {
                            "marginStart": -35,
                            "start": "100%",
                          },
                        }
                      }
                      collapsable={false}
                      style={
                        {
                          "backgroundColor": "#FFFFFF",
                          "borderRadius": 17,
                          "height": 29,
                          "marginStart": -35,
                          "position": "absolute",
                          "start": "100%",
                          "width": 29,
                        }
                      }
                    />
                  </View>
                </View>
              </View>
            </View>
          </View>
        </View>
      </RCTScrollView>
    </View>
  </View>
  <Modal
    animationType="none"
    deviceHeight={null}
    deviceWidth={null}
    hardwareAccelerated={false}
    hideModalContentWhileAnimating={false}
    onBackdropPress={[Function]}
    onModalHide={[Function]}
    onModalWillHide={[Function]}
    onModalWillShow={[Function]}
    onRequestClose={[Function]}
    panResponderThreshold={4}
    scrollHorizontal={false}
    scrollOffset={0}
    scrollOffsetMax={0}
    scrollTo={null}
    statusBarTranslucent={false}
    supportedOrientations={
      [
        "portrait",
        "landscape",
      ]
    }
    swipeThreshold={100}
    transparent={true}
    useNativeDriverForBackdrop={true}
    visible={true}
  >
    <View
      accessibilityState={
        {
          "busy": undefined,
          "checked": undefined,
          "disabled": undefined,
          "expanded": undefined,
          "selected": undefined,
        }
      }
      accessible={true}
      collapsable={false}
      focusable={true}
      forwardedRef={[Function]}
      onClick={[Function]}
      onResponderGrant={[Function]}
      onResponderMove={[Function]}
      onResponderRelease={[Function]}
      onResponderTerminate={[Function]}
      onResponderTerminationRequest={[Function]}
      onStartShouldSetResponder={[Function]}
      style={
        {
          "backgroundColor": "black",
          "bottom": 0,
          "height": 1334,
          "left": 0,
          "opacity": 0,
          "position": "absolute",
          "right": 0,
          "top": 0,
          "width": 750,
        }
      }
    />
    <View
      collapsable={false}
      deviceHeight={null}
      deviceWidth={null}
      forwardedRef={[Function]}
      hideModalContentWhileAnimating={false}
      onBackdropPress={[Function]}
      onModalHide={[Function]}
      onModalWillHide={[Function]}
      onModalWillShow={[Function]}
      panResponderThreshold={4}
      pointerEvents="box-none"
      scrollHorizontal={false}
      scrollOffset={0}
      scrollOffsetMax={0}
      scrollTo={null}
      statusBarTranslucent={false}
      style={
        {
          "flex": 1,
          "justifyContent": "flex-start",
          "left": 0,
          "margin": 0,
          "paddingHorizontal": 18,
          "transform": [
            {
              "translateY": 1334,
            },
          ],
        }
      }
      supportedOrientations={
        [
          "portrait",
          "landscape",
        ]
      }
      swipeThreshold={100}
      useNativeDriverForBackdrop={true}
    >
      <View
        accessibilityHint="coach mark"
        accessibilityLabel="coach mark"
        accessibilityRole="text"
        accessible={true}
        style={
          [
            {
              "backgroundColor": "#0B3D91",
              "borderRadius": 23,
              "paddingHorizontal": 30,
              "paddingVertical": 36,
              "width": "100%",
            },
            {
              "marginTop": 266.8,
            },
          ]
        }
      >
        <Text
          allowFontScaling={false}
          style={
            [
              {},
              [
                {
                  "fontSize": 23,
                  "lineHeight": 35,
                },
                {
                  "fontFamily": "Helvetica Neue",
                },
                {
                  "color": "#191015",
                },
              ],
              undefined,
              undefined,
              {
                "color": "#DEDDDE",
                "fontFamily": "Helvetica Neue",
                "fontSize": 40,
                "lineHeight": undefined,
                "marginBottom": 29,
                "paddingHorizontal": 52,
              },
            ]
          }
        >
          homeScreen.selectSightings.coach.title undefined
        </Text>
        <View
          style={
            {
              "flexDirection": "row",
              "justifyContent": "space-between",
              "margin": 0,
              "width": "80%",
            }
          }
        >
          <View>
            <RCTImageView
              accessibilityState={
                {
                  "busy": undefined,
                  "checked": undefined,
                  "disabled": undefined,
                  "expanded": undefined,
                  "selected": undefined,
                }
              }
              internal_analyticTag={null}
              resizeMode="contain"
              source={
                [
                  {
                    "height": undefined,
                    "uri": undefined,
                    "width": undefined,
                  },
                ]
              }
              style={
                {
                  "height": 63,
                  "overflow": "hidden",
                  "resizeMode": "contain",
                  "tintColor": "#FD9C1F",
                  "width": 63,
                }
              }
              tintColor="#FD9C1F"
            />
          </View>
          <Text
            allowFontScaling={false}
            style={
              [
                {},
                [
                  {
                    "fontSize": 23,
                    "lineHeight": 35,
                  },
                  {
                    "fontFamily": "Helvetica Neue",
                  },
                  {
                    "color": "#191015",
                  },
                ],
                undefined,
                undefined,
                {
                  "color": "#FFFFFF",
                  "fontFamily": "Helvetica Neue",
                  "fontSize": 26,
                  "lineHeight": 32,
                  "paddingBottom": 10,
                  "paddingLeft": 5,
                },
              ]
            }
          >
            homeScreen.selectSightings.coach.sunset undefined
          </Text>
        </View>
        <View
          style={
            {
              "flexDirection": "row",
              "justifyContent": "space-between",
              "margin": 0,
              "width": "80%",
            }
          }
        >
          <View>
            <RCTImageView
              accessibilityState={
                {
                  "busy": undefined,
                  "checked": undefined,
                  "disabled": undefined,
                  "expanded": undefined,
                  "selected": undefined,
                }
              }
              internal_analyticTag={null}
              resizeMode="contain"
              source={
                [
                  {
                    "height": undefined,
                    "uri": undefined,
                    "width": undefined,
                  },
                ]
              }
              style={
                {
                  "height": 63,
                  "overflow": "hidden",
                  "resizeMode": "contain",
                  "tintColor": "#ADADAE",
                  "width": 63,
                }
              }
              tintColor="#ADADAE"
            />
          </View>
          <Text
            allowFontScaling={false}
            style={
              [
                {},
                [
                  {
                    "fontSize": 23,
                    "lineHeight": 35,
                  },
                  {
                    "fontFamily": "Helvetica Neue",
                  },
                  {
                    "color": "#191015",
                  },
                ],
                undefined,
                undefined,
                {
                  "color": "#FFFFFF",
                  "fontFamily": "Helvetica Neue",
                  "fontSize": 26,
                  "lineHeight": 32,
                  "paddingBottom": 10,
                  "paddingLeft": 5,
                },
              ]
            }
          >
            homeScreen.selectSightings.coach.moon undefined
          </Text>
        </View>
        <View
          accessibilityHint="dismiss coach mark"
          accessibilityLabel="dismiss button"
          accessibilityRole="button"
          accessibilityState={
            {
              "busy": undefined,
              "checked": undefined,
              "disabled": undefined,
              "expanded": undefined,
              "selected": undefined,
            }
          }
          accessibilityValue={
            {
              "max": undefined,
              "min": undefined,
              "now": undefined,
              "text": undefined,
            }
          }
          accessible={true}
          collapsable={false}
          focusable={true}
          onBlur={[Function]}
          onClick={[Function]}
          onFocus={[Function]}
          onResponderGrant={[Function]}
          onResponderMove={[Function]}
          onResponderRelease={[Function]}
          onResponderTerminate={[Function]}
          onResponderTerminationRequest={[Function]}
          onStartShouldSetResponder={[Function]}
          style={
            [
              [
                {
                  "alignItems": "center",
                  "borderRadius": 6,
                  "flexDirection": "row",
                  "justifyContent": "center",
                  "minHeight": 80,
                  "overflow": "hidden",
                  "paddingHorizontal": 17,
                  "paddingVertical": 17,
                },
                {
                  "backgroundColor": "#FFFFFF",
                  "borderColor": "#B6ACA6",
                  "borderWidth": 1,
                },
              ],
              {
                "alignSelf": "center",
                "backgroundColor": "#FFFFFF",
                "borderRadius": 40,
                "borderWidth": 0,
                "height": 80,
                "marginTop": 24,
                "width": 201,
              },
              false,
            ]
          }
        >
          <Text
            allowFontScaling={false}
            style={
              [
                {},
                [
                  {
                    "fontSize": 23,
                    "lineHeight": 35,
                  },
                  {
                    "fontFamily": "Helvetica Neue",
                  },
                  {
                    "color": "#191015",
                  },
                ],
                undefined,
                undefined,
                [
                  {
                    "flexGrow": 0,
                    "flexShrink": 1,
                    "fontFamily": "HelveticaNeue-Medium",
                    "fontSize": 23,
                    "lineHeight": 29,
                    "textAlign": "center",
                    "zIndex": 2,
                  },
                  {
                    "color": "#0B3D91",
                    "fontFamily": "HelveticaNeue-Medium",
                    "fontSize": 26,
                    "lineHeight": 32,
                  },
                  false,
                ],
              ]
            }
          >
            homeScreen.coachMarks.dismiss undefined
          </Text>
        </View>
      </View>
    </View>
  </Modal>
</View>
`;
