// Jest Snapshot v1, https://goo.gl/fbAQLP

exports[`renders correctly 1`] = `
<RCTImageView
  accessibilityState={
    {
      "busy": undefined,
      "checked": undefined,
      "disabled": undefined,
      "expanded": undefined,
      "selected": undefined,
    }
  }
  internal_analyticTag={null}
  resizeMode="cover"
  source={
    [
      {
        "testUri": "../../../assets/images/nasa-logo.png",
      },
    ]
  }
  style={
    [
      {
        "height": undefined,
        "width": undefined,
      },
      {
        "overflow": "hidden",
      },
      {
        "height": 158,
        "marginLeft": 52,
        "marginTop": 52,
        "width": 158,
      },
    ]
  }
/>
`;
