// Jest Snapshot v1, https://goo.gl/fbAQLP

exports[`PermissionsModal renders correctly 1`] = `
<View
  accessibilityHint="coach mark"
  accessibilityLabel="coach mark"
  accessibilityRole="text"
  accessible={true}
  style={
    {
      "alignItems": "center",
      "alignSelf": "center",
      "backgroundColor": "#0B3D91",
      "borderRadius": 23,
      "marginTop": 373.52000000000004,
      "paddingHorizontal": 30,
      "paddingVertical": 36,
      "width": "100%",
    }
  }
>
  <View
    accessibilityHint="close modal"
    accessibilityLabel="x button"
    accessibilityRole="button"
    accessibilityState={
      {
        "busy": undefined,
        "checked": undefined,
        "disabled": undefined,
        "expanded": undefined,
        "selected": undefined,
      }
    }
    accessibilityValue={
      {
        "max": undefined,
        "min": undefined,
        "now": undefined,
        "text": undefined,
      }
    }
    accessible={true}
    collapsable={false}
    focusable={true}
    onClick={[Function]}
    onResponderGrant={[Function]}
    onResponderMove={[Function]}
    onResponderRelease={[Function]}
    onResponderTerminate={[Function]}
    onResponderTerminationRequest={[Function]}
    onStartShouldSetResponder={[Function]}
    style={
      {
        "opacity": 1,
        "padding": 26,
        "position": "absolute",
        "right": 0,
        "top": 0,
        "zIndex": 5,
      }
    }
  >
    <RCTImageView
      accessibilityState={
        {
          "busy": undefined,
          "checked": undefined,
          "disabled": undefined,
          "expanded": undefined,
          "selected": undefined,
        }
      }
      internal_analyticTag={null}
      resizeMode="contain"
      source={
        [
          {
            "height": undefined,
            "uri": undefined,
            "width": undefined,
          },
        ]
      }
      style={
        {
          "height": 52,
          "overflow": "hidden",
          "resizeMode": "contain",
          "tintColor": "#ADADAE",
          "width": 52,
        }
      }
      tintColor="#ADADAE"
    />
  </View>
  <Text
    allowFontScaling={false}
    style={
      [
        {},
        [
          {
            "fontSize": 23,
            "lineHeight": 35,
          },
          {
            "fontFamily": "Helvetica Neue",
          },
          {
            "color": "#191015",
          },
        ],
        undefined,
        undefined,
        {
          "color": "#FFFFFF",
          "fontFamily": "Helvetica Neue",
          "fontSize": 35,
          "lineHeight": 42,
          "paddingBottom": 12,
          "paddingTop": 18,
        },
      ]
    }
  >
    Test body
  </Text>
  <View
    style={
      {
        "alignSelf": "flex-end",
        "flexDirection": "row",
        "justifyContent": "space-between",
        "width": "100%",
      }
    }
  >
    <View
      accessibilityHint="close coach mark"
      accessibilityLabel="close button"
      accessibilityRole="button"
      accessibilityState={
        {
          "busy": undefined,
          "checked": undefined,
          "disabled": undefined,
          "expanded": undefined,
          "selected": undefined,
        }
      }
      accessibilityValue={
        {
          "max": undefined,
          "min": undefined,
          "now": undefined,
          "text": undefined,
        }
      }
      accessible={true}
      collapsable={false}
      focusable={true}
      onBlur={[Function]}
      onClick={[Function]}
      onFocus={[Function]}
      onResponderGrant={[Function]}
      onResponderMove={[Function]}
      onResponderRelease={[Function]}
      onResponderTerminate={[Function]}
      onResponderTerminationRequest={[Function]}
      onStartShouldSetResponder={[Function]}
      style={
        [
          [
            {
              "alignItems": "center",
              "borderRadius": 6,
              "flexDirection": "row",
              "justifyContent": "center",
              "minHeight": 80,
              "overflow": "hidden",
              "paddingHorizontal": 17,
              "paddingVertical": 17,
            },
            {
              "backgroundColor": "#FFFFFF",
              "borderColor": "#B6ACA6",
              "borderWidth": 1,
            },
          ],
          {
            "backgroundColor": "transparent",
            "borderWidth": 0,
            "height": 80,
            "minWidth": 201,
          },
          false,
        ]
      }
    >
      <Text
        allowFontScaling={false}
        style={
          [
            {},
            [
              {
                "fontSize": 23,
                "lineHeight": 35,
              },
              {
                "fontFamily": "Helvetica Neue",
              },
              {
                "color": "#191015",
              },
            ],
            undefined,
            undefined,
            [
              {
                "flexGrow": 0,
                "flexShrink": 1,
                "fontFamily": "HelveticaNeue-Medium",
                "fontSize": 23,
                "lineHeight": 29,
                "textAlign": "center",
                "zIndex": 2,
              },
              {
                "color": "#FFFFFF",
                "fontFamily": "HelveticaNeue-Medium",
                "fontSize": 26,
                "lineHeight": 32,
              },
              false,
            ],
          ]
        }
      >
        permissionsModal.close undefined
      </Text>
    </View>
    <View
      accessibilityHint="open Settings coach mark"
      accessibilityLabel="open Settings button"
      accessibilityRole="button"
      accessibilityState={
        {
          "busy": undefined,
          "checked": undefined,
          "disabled": undefined,
          "expanded": undefined,
          "selected": undefined,
        }
      }
      accessibilityValue={
        {
          "max": undefined,
          "min": undefined,
          "now": undefined,
          "text": undefined,
        }
      }
      accessible={true}
      collapsable={false}
      focusable={true}
      onBlur={[Function]}
      onClick={[Function]}
      onFocus={[Function]}
      onResponderGrant={[Function]}
      onResponderMove={[Function]}
      onResponderRelease={[Function]}
      onResponderTerminate={[Function]}
      onResponderTerminationRequest={[Function]}
      onStartShouldSetResponder={[Function]}
      style={
        [
          [
            {
              "alignItems": "center",
              "borderRadius": 6,
              "flexDirection": "row",
              "justifyContent": "center",
              "minHeight": 80,
              "overflow": "hidden",
              "paddingHorizontal": 17,
              "paddingVertical": 17,
            },
            {
              "backgroundColor": "#FFFFFF",
              "borderColor": "#B6ACA6",
              "borderWidth": 1,
            },
          ],
          {
            "backgroundColor": "#FFFFFF",
            "borderRadius": 40,
            "borderWidth": 0,
            "height": 80,
            "minWidth": 201,
          },
          false,
        ]
      }
    >
      <Text
        allowFontScaling={false}
        style={
          [
            {},
            [
              {
                "fontSize": 23,
                "lineHeight": 35,
              },
              {
                "fontFamily": "Helvetica Neue",
              },
              {
                "color": "#191015",
              },
            ],
            undefined,
            undefined,
            [
              {
                "flexGrow": 0,
                "flexShrink": 1,
                "fontFamily": "HelveticaNeue-Medium",
                "fontSize": 23,
                "lineHeight": 29,
                "textAlign": "center",
                "zIndex": 2,
              },
              {
                "color": "#0B3D91",
                "fontFamily": "HelveticaNeue-Medium",
                "fontSize": 26,
                "lineHeight": 32,
              },
              false,
            ],
          ]
        }
      >
        permissionsModal.openSettings undefined
      </Text>
    </View>
  </View>
</View>
`;
