// Jest Snapshot v1, https://goo.gl/fbAQLP

exports[`RecordingIndicator renders correctly 1`] = `
<View
  style={
    {
      "backgroundColor": "#FC3D21",
      "borderRadius": 6,
      "marginTop": 29,
      "paddingBottom": 5,
      "paddingHorizontal": 7,
      "paddingTop": 7,
    }
  }
>
  <Text
    style={
      {
        "color": "#DEDDDE",
        "fontSize": 23,
        "lineHeight": 23,
        "textAlign": "center",
      }
    }
  >
    00
    :
    02
    :
    00
  </Text>
</View>
`;
