// Jest Snapshot v1, https://goo.gl/fbAQLP

exports[`renders correctly 1`] = `
[
  <Text
    accessibilityHint="location title"
    accessibilityLabel="location title"
    accessibilityRole="text"
    accessible={true}
    allowFontScaling={false}
    style={
      [
        {},
        [
          {
            "fontSize": 23,
            "lineHeight": 35,
          },
          {
            "fontFamily": "Helvetica Neue",
          },
          {
            "color": "#191015",
          },
        ],
        undefined,
        undefined,
        {
          "color": "#DEDDDE",
          "fontFamily": "Helvetica Neue",
          "fontSize": 52,
          "lineHeight": 63,
          "paddingBottom": 35,
        },
      ]
    }
  >
    onboarding.completeProfile.location.title undefined
  </Text>,
  <View
    style={
      {
        "flexDirection": "row",
        "justifyContent": "space-between",
        "width": "100%",
      }
    }
  >
    <View>
      <RCTImageView
        accessibilityState={
          {
            "busy": undefined,
            "checked": undefined,
            "disabled": undefined,
            "expanded": undefined,
            "selected": undefined,
          }
        }
        internal_analyticTag={null}
        resizeMode="contain"
        source={
          [
            {
              "height": undefined,
              "uri": undefined,
              "width": undefined,
            },
          ]
        }
        style={
          {
            "height": 40,
            "overflow": "hidden",
            "resizeMode": "contain",
            "tintColor": "#ADADAE",
            "width": 40,
          }
        }
        tintColor="#ADADAE"
      />
    </View>
    <Text
      accessibilityHint="display current address"
      accessibilityLabel="address"
      accessibilityRole="text"
      accessible={true}
      allowFontScaling={false}
      ellipsizeMode="tail"
      numberOfLines={1}
      style={
        [
          {},
          [
            {
              "fontSize": 23,
              "lineHeight": 35,
            },
            {
              "fontFamily": "Helvetica Neue",
            },
            {
              "color": "#191015",
            },
          ],
          undefined,
          undefined,
          {
            "color": "#DEDDDE",
            "flex": 1,
            "fontFamily": "Helvetica Neue",
            "fontSize": 26,
            "lineHeight": 32,
            "paddingBottom": 80,
            "paddingHorizontal": 26,
          },
        ]
      }
    >
      John
    </Text>
    <View
      accessibilityRole="imagebutton"
      accessibilityState={
        {
          "busy": undefined,
          "checked": undefined,
          "disabled": undefined,
          "expanded": undefined,
          "selected": undefined,
        }
      }
      accessibilityValue={
        {
          "max": undefined,
          "min": undefined,
          "now": undefined,
          "text": undefined,
        }
      }
      accessible={true}
      collapsable={false}
      focusable={true}
      onClick={[Function]}
      onResponderGrant={[Function]}
      onResponderMove={[Function]}
      onResponderRelease={[Function]}
      onResponderTerminate={[Function]}
      onResponderTerminationRequest={[Function]}
      onStartShouldSetResponder={[Function]}
      style={
        {
          "opacity": 1,
        }
      }
    >
      <RCTImageView
        accessibilityState={
          {
            "busy": undefined,
            "checked": undefined,
            "disabled": undefined,
            "expanded": undefined,
            "selected": undefined,
          }
        }
        internal_analyticTag={null}
        resizeMode="contain"
        source={
          [
            {
              "height": undefined,
              "uri": undefined,
              "width": undefined,
            },
          ]
        }
        style={
          {
            "height": 40,
            "overflow": "hidden",
            "resizeMode": "contain",
            "tintColor": "#ADADAE",
            "width": 40,
          }
        }
        tintColor="#ADADAE"
      />
    </View>
  </View>,
  <View
    accessibilityHint="navigate to main screen"
    accessibilityLabel="Done button"
    accessibilityRole="button"
    accessibilityState={
      {
        "busy": undefined,
        "checked": undefined,
        "disabled": undefined,
        "expanded": undefined,
        "selected": undefined,
      }
    }
    accessibilityValue={
      {
        "max": undefined,
        "min": undefined,
        "now": undefined,
        "text": undefined,
      }
    }
    accessible={true}
    collapsable={false}
    focusable={true}
    onBlur={[Function]}
    onClick={[Function]}
    onFocus={[Function]}
    onResponderGrant={[Function]}
    onResponderMove={[Function]}
    onResponderRelease={[Function]}
    onResponderTerminate={[Function]}
    onResponderTerminationRequest={[Function]}
    onStartShouldSetResponder={[Function]}
    style={
      [
        [
          {
            "alignItems": "center",
            "borderRadius": 6,
            "flexDirection": "row",
            "justifyContent": "center",
            "minHeight": 80,
            "overflow": "hidden",
            "paddingHorizontal": 17,
            "paddingVertical": 17,
          },
          {
            "backgroundColor": "#FFFFFF",
            "borderColor": "#B6ACA6",
            "borderWidth": 1,
          },
        ],
        {
          "backgroundColor": "#0B3D91",
          "borderRadius": 40,
          "borderWidth": 0,
          "height": 80,
          "width": "100%",
        },
        false,
      ]
    }
  >
    <Text
      allowFontScaling={false}
      style={
        [
          {},
          [
            {
              "fontSize": 23,
              "lineHeight": 35,
            },
            {
              "fontFamily": "Helvetica Neue",
            },
            {
              "color": "#191015",
            },
          ],
          undefined,
          undefined,
          [
            {
              "flexGrow": 0,
              "flexShrink": 1,
              "fontFamily": "HelveticaNeue-Medium",
              "fontSize": 23,
              "lineHeight": 29,
              "textAlign": "center",
              "zIndex": 2,
            },
            {
              "color": "#FFFFFF",
              "fontFamily": "HelveticaNeue-Medium",
              "fontSize": 26,
              "lineHeight": 30,
            },
            false,
          ],
        ]
      }
    >
      onboarding.completeProfile.location.doneButton undefined
    </Text>
  </View>,
]
`;
