// Jest Snapshot v1, https://goo.gl/fbAQLP

exports[`renders correctly 1`] = `
<View
  style={
    Object {
      "backgroundColor": "#1E2022",
      "borderTopLeftRadius": 26,
      "borderTopRightRadius": 26,
    }
  }
>
  <View
    style={
      Object {
        "paddingBottom": 75,
        "paddingHorizontal": 52,
        "width": "100%",
      }
    }
  >
    <div
      style={
        Object {
          "color": "#DEDDDE",
          "fontFamily": "Helvetica Neue",
          "fontSize": 46,
          "lineHeight": 63,
          "marginTop": 52,
          "paddingBottom": 52,
          "width": "95%",
        }
      }
    />
    <View
      style={
        Object {
          "flexDirection": "row",
          "flexWrap": "wrap",
          "justifyContent": "space-between",
          "width": "100%",
        }
      }
    >
      <View
        accessibilityHint="distance"
        accessibilityLabel="distance"
        accessibilityRole="text"
        accessible={true}
        style={
          Object {
            "backgroundColor": "rgba(255, 255, 255, 0.2)",
            "borderRadius": 15,
            "marginBottom": 26,
            "padding": 12,
            "width": "48%",
          }
        }
      >
        <div
          style={
            Object {
              "color": "#ADADAE",
              "fontFamily": "Helvetica Neue",
              "fontSize": 19,
              "lineHeight": 23,
              "textAlign": "center",
              "textTransform": "uppercase",
            }
          }
        />
        <div
          style={
            Object {
              "color": "#DEDDDE",
              "fontFamily": "Helvetica Neue",
              "fontSize": 32,
              "lineHeight": 40,
              "textAlign": "center",
            }
          }
        >
          0 km
        </div>
      </View>
      <View
        accessibilityHint="orbital Speed"
        accessibilityLabel="orbital Speed"
        accessibilityRole="text"
        accessible={true}
        style={
          Object {
            "backgroundColor": "rgba(255, 255, 255, 0.2)",
            "borderRadius": 15,
            "marginBottom": 26,
            "padding": 12,
            "width": "48%",
          }
        }
      >
        <div
          style={
            Object {
              "color": "#ADADAE",
              "fontFamily": "Helvetica Neue",
              "fontSize": 19,
              "lineHeight": 23,
              "textAlign": "center",
              "textTransform": "uppercase",
            }
          }
        />
        <div
          style={
            Object {
              "color": "#DEDDDE",
              "fontFamily": "Helvetica Neue",
              "fontSize": 32,
              "lineHeight": 40,
              "textAlign": "center",
            }
          }
        >
          8374 M/S
        </div>
      </View>
      <View
        accessibilityHint="longitude"
        accessibilityLabel="longitude"
        accessibilityRole="text"
        accessible={true}
        style={
          Object {
            "backgroundColor": "rgba(255, 255, 255, 0.2)",
            "borderRadius": 15,
            "marginBottom": 26,
            "padding": 12,
            "width": "48%",
          }
        }
      >
        <div
          style={
            Object {
              "color": "#ADADAE",
              "fontFamily": "Helvetica Neue",
              "fontSize": 19,
              "lineHeight": 23,
              "textAlign": "center",
              "textTransform": "uppercase",
            }
          }
        />
        <div
          style={
            Object {
              "color": "#DEDDDE",
              "fontFamily": "Helvetica Neue",
              "fontSize": 32,
              "lineHeight": 40,
              "textAlign": "center",
            }
          }
        >
          0
        </div>
      </View>
      <View
        accessibilityHint="latitude"
        accessibilityLabel="latitude"
        accessibilityRole="text"
        accessible={true}
        style={
          Object {
            "backgroundColor": "rgba(255, 255, 255, 0.2)",
            "borderRadius": 15,
            "marginBottom": 26,
            "padding": 12,
            "width": "48%",
          }
        }
      >
        <div
          style={
            Object {
              "color": "#ADADAE",
              "fontFamily": "Helvetica Neue",
              "fontSize": 19,
              "lineHeight": 23,
              "textAlign": "center",
              "textTransform": "uppercase",
            }
          }
        />
        <div
          style={
            Object {
              "color": "#DEDDDE",
              "fontFamily": "Helvetica Neue",
              "fontSize": 32,
              "lineHeight": 40,
              "textAlign": "center",
            }
          }
        >
          0
        </div>
      </View>
      <View
        accessibilityHint="altitude"
        accessibilityLabel="altitude"
        accessibilityRole="text"
        accessible={true}
        style={
          Object {
            "backgroundColor": "rgba(255, 255, 255, 0.2)",
            "borderRadius": 15,
            "marginBottom": 26,
            "padding": 12,
            "width": "48%",
          }
        }
      >
        <div
          style={
            Object {
              "color": "#ADADAE",
              "fontFamily": "Helvetica Neue",
              "fontSize": 19,
              "lineHeight": 23,
              "textAlign": "center",
              "textTransform": "uppercase",
            }
          }
        />
        <div
          style={
            Object {
              "color": "#DEDDDE",
              "fontFamily": "Helvetica Neue",
              "fontSize": 32,
              "lineHeight": 40,
              "textAlign": "center",
            }
          }
        >
          0 km
        </div>
      </View>
    </View>
    <View
      style={
        Object {
          "flexDirection": "row",
          "flexWrap": "wrap",
          "justifyContent": "space-between",
          "width": "100%",
        }
      }
    >
      <View
        accessibilityHint="Assembly Began"
        accessibilityLabel="Assembly Began"
        accessibilityRole="text"
        accessible={true}
        style={
          Object {
            "flexDirection": "row",
            "justifyContent": "space-between",
            "marginBottom": 26,
            "width": "100%",
          }
        }
      >
        <div
          style={
            Object {
              "color": "#ADADAE",
              "fontFamily": "Helvetica Neue",
              "fontSize": 26,
              "lineHeight": 30,
              "textAlign": "left",
            }
          }
        />
        <div
          style={
            Object {
              "color": "#FFFFFF",
              "fontFamily": "Helvetica Neue",
              "fontSize": 26,
              "lineHeight": 30,
              "maxWidth": 222,
              "textAlign": "right",
            }
          }
        >
          20 November 1998
        </div>
      </View>
      <View
        accessibilityHint="crew On board"
        accessibilityLabel="crew On board"
        accessibilityRole="text"
        accessible={true}
        style={
          Object {
            "flexDirection": "row",
            "justifyContent": "space-between",
            "marginBottom": 26,
            "width": "100%",
          }
        }
      >
        <div
          style={
            Object {
              "color": "#ADADAE",
              "fontFamily": "Helvetica Neue",
              "fontSize": 26,
              "lineHeight": 30,
              "textAlign": "left",
            }
          }
        />
        <div
          style={
            Object {
              "color": "#FFFFFF",
              "fontFamily": "Helvetica Neue",
              "fontSize": 26,
              "lineHeight": 30,
              "maxWidth": 222,
              "textAlign": "right",
            }
          }
        >
          7
        </div>
      </View>
      <View
        accessibilityHint="Estimated mass"
        accessibilityLabel="Estimated mass"
        accessibilityRole="text"
        accessible={true}
        style={
          Object {
            "flexDirection": "row",
            "justifyContent": "space-between",
            "marginBottom": 26,
            "width": "100%",
          }
        }
      >
        <div
          style={
            Object {
              "color": "#ADADAE",
              "fontFamily": "Helvetica Neue",
              "fontSize": 26,
              "lineHeight": 30,
              "textAlign": "left",
            }
          }
        />
        <div
          style={
            Object {
              "color": "#FFFFFF",
              "fontFamily": "Helvetica Neue",
              "fontSize": 26,
              "lineHeight": 30,
              "maxWidth": 222,
              "textAlign": "right",
            }
          }
        >
          462,000 kg
        </div>
      </View>
      <View
        accessibilityHint="Estimated dimensions"
        accessibilityLabel="Estimated dimensions"
        accessibilityRole="text"
        accessible={true}
        style={
          Object {
            "flexDirection": "row",
            "justifyContent": "space-between",
            "marginBottom": 26,
            "width": "100%",
          }
        }
      >
        <div
          style={
            Object {
              "color": "#ADADAE",
              "fontFamily": "Helvetica Neue",
              "fontSize": 26,
              "lineHeight": 30,
              "textAlign": "left",
            }
          }
        />
        <div
          style={
            Object {
              "color": "#FFFFFF",
              "fontFamily": "Helvetica Neue",
              "fontSize": 26,
              "lineHeight": 30,
              "maxWidth": 222,
              "textAlign": "right",
            }
          }
        >
          109m wide x 73m long x 14m tall
        </div>
      </View>
      <View
        accessibilityHint="orbital Period"
        accessibilityLabel="orbital Period"
        accessibilityRole="text"
        accessible={true}
        style={
          Object {
            "flexDirection": "row",
            "justifyContent": "space-between",
            "marginBottom": 26,
            "width": "100%",
          }
        }
      >
        <div
          style={
            Object {
              "color": "#ADADAE",
              "fontFamily": "Helvetica Neue",
              "fontSize": 26,
              "lineHeight": 30,
              "textAlign": "left",
            }
          }
        />
        <div
          style={
            Object {
              "color": "#FFFFFF",
              "fontFamily": "Helvetica Neue",
              "fontSize": 26,
              "lineHeight": 30,
              "maxWidth": 222,
              "textAlign": "right",
            }
          }
        >
          92.9 min
        </div>
      </View>
      <View
        accessibilityHint="orbits Per Day"
        accessibilityLabel="orbits Per Day"
        accessibilityRole="text"
        accessible={true}
        style={
          Object {
            "flexDirection": "row",
            "justifyContent": "space-between",
            "marginBottom": 26,
            "width": "100%",
          }
        }
      >
        <div
          style={
            Object {
              "color": "#ADADAE",
              "fontFamily": "Helvetica Neue",
              "fontSize": 26,
              "lineHeight": 30,
              "textAlign": "left",
            }
          }
        />
        <div
          style={
            Object {
              "color": "#FFFFFF",
              "fontFamily": "Helvetica Neue",
              "fontSize": 26,
              "lineHeight": 30,
              "maxWidth": 222,
              "textAlign": "right",
            }
          }
        >
          15.49
        </div>
      </View>
      <View
        accessibilityHint="Orbital Decay"
        accessibilityLabel="Orbital Decay"
        accessibilityRole="text"
        accessible={true}
        style={
          Object {
            "flexDirection": "row",
            "justifyContent": "space-between",
            "marginBottom": 26,
            "width": "100%",
          }
        }
      >
        <div
          style={
            Object {
              "color": "#ADADAE",
              "fontFamily": "Helvetica Neue",
              "fontSize": 26,
              "lineHeight": 30,
              "textAlign": "left",
            }
          }
        />
        <div
          style={
            Object {
              "color": "#FFFFFF",
              "fontFamily": "Helvetica Neue",
              "fontSize": 26,
              "lineHeight": 30,
              "maxWidth": 222,
              "textAlign": "right",
            }
          }
        >
          2 km / month
        </div>
      </View>
    </View>
  </View>
</View>
`;
