// Jest Snapshot v1, https://goo.gl/fbAQLP

exports[`renders correctly 1`] = `
<View
  style={
    Object {
      "paddingHorizontal": 18,
      "paddingTop": 18,
      "width": "100%",
    }
  }
>
  <View
    style={
      Object {
        "alignItems": "flex-start",
        "flexDirection": "row",
        "justifyContent": "space-between",
        "paddingBottom": 5,
      }
    }
  >
    <View
      style={
        Object {
          "width": "85%",
        }
      }
    >
      <Text
        accessibilityHint="address"
        accessibilityLabel="address"
        accessibilityRole="text"
        accessible={true}
        allowFontScaling={false}
        ellipsizeMode="tail"
        numberOfLines={2}
        style={
          Array [
            Object {},
            Array [
              Object {
                "fontSize": 23,
                "lineHeight": 35,
              },
              Object {
                "fontFamily": "Helvetica Neue",
              },
              Object {
                "color": "#191015",
              },
            ],
            undefined,
            undefined,
            Object {
              "color": "#FFFFFF",
              "fontFamily": "Helvetica Neue",
              "fontSize": 29,
              "lineHeight": 37,
            },
          ]
        }
      >
        Continental
      </Text>
    </View>
    <View
      accessibilityHint="open select location modal"
      accessibilityLabel="pin button"
      accessibilityRole="imagebutton"
      accessible={true}
      collapsable={false}
      focusable={true}
      onBlur={[Function]}
      onClick={[Function]}
      onFocus={[Function]}
      onResponderGrant={[Function]}
      onResponderMove={[Function]}
      onResponderRelease={[Function]}
      onResponderTerminate={[Function]}
      onResponderTerminationRequest={[Function]}
      onStartShouldSetResponder={[Function]}
      style={
        Array [
          Object {
            "alignItems": "center",
            "backgroundColor": "#1E2022",
            "borderRadius": 143,
            "display": "flex",
            "height": 60,
            "justifyContent": "center",
            "overflow": "hidden",
            "position": "relative",
            "width": 60,
          },
          undefined,
        ]
      }
    >
      <View
        style={
          Array [
            Object {
              "backgroundColor": "transparent",
            },
            Array [
              Object {
                "alignItems": "center",
                "backgroundColor": "#1E2022",
                "borderRadius": 143,
                "display": "flex",
                "height": 60,
                "justifyContent": "center",
                "overflow": "hidden",
                "position": "relative",
                "width": 60,
              },
              undefined,
              undefined,
            ],
          ]
        }
      >
        <ViewManagerAdapter_ExpoBlurView
          proxiedProperties={
            Object {
              "intensity": 0,
              "tint": "default",
            }
          }
          style={
            Object {
              "bottom": 0,
              "left": 0,
              "position": "absolute",
              "right": 0,
              "top": 0,
            }
          }
        />
        <View>
          <RCTImageView
            internal_analyticTag={null}
            resizeMode="contain"
            source={
              Array [
                Object {
                  "height": undefined,
                  "uri": undefined,
                  "width": undefined,
                },
              ]
            }
            style={
              Object {
                "height": 29,
                "overflow": "hidden",
                "resizeMode": "contain",
                "tintColor": "#FFFFFF",
                "width": 29,
              }
            }
            tintColor="#FFFFFF"
          />
        </View>
      </View>
    </View>
  </View>
  <View
    style={
      Object {
        "alignItems": "flex-start",
        "flexDirection": "row",
        "justifyContent": "space-between",
        "paddingBottom": 5,
      }
    }
  >
    <View
      accessibilityHint="open sightings modal"
      accessibilityLabel="next sighting"
      accessibilityRole="button"
      accessible={true}
      collapsable={false}
      focusable={true}
      onBlur={[Function]}
      onClick={[Function]}
      onFocus={[Function]}
      onResponderGrant={[Function]}
      onResponderMove={[Function]}
      onResponderRelease={[Function]}
      onResponderTerminate={[Function]}
      onResponderTerminationRequest={[Function]}
      onStartShouldSetResponder={[Function]}
      style={
        Array [
          Object {
            "backgroundColor": "#1E2022",
            "borderRadius": 15,
            "borderWidth": 2,
            "padding": 8,
            "width": "48%",
          },
          Object {
            "borderColor": "#0B3D91",
          },
        ]
      }
    >
      <Text
        accessibilityHint="sighting header"
        accessibilityLabel="sighting header"
        accessibilityRole="text"
        accessible={true}
        allowFontScaling={false}
        style={
          Array [
            Object {},
            Array [
              Object {
                "fontSize": 23,
                "lineHeight": 35,
              },
              Object {
                "fontFamily": "Helvetica Neue",
              },
              Object {
                "color": "#191015",
              },
            ],
            undefined,
            undefined,
            Object {
              "color": "#ADADAE",
              "fontFamily": "Helvetica Neue",
              "fontSize": 20,
              "lineHeight": 23,
              "textAlign": "center",
            },
          ]
        }
      >
        homeScreen.header.firstTimeHead undefined
      </Text>
      <Text
        accessibilityHint="sighting"
        accessibilityLabel="sighting"
        accessibilityRole="text"
        accessible={true}
        allowFontScaling={false}
        style={
          Array [
            Object {},
            Array [
              Object {
                "fontSize": 23,
                "lineHeight": 35,
              },
              Object {
                "fontFamily": "Helvetica Neue",
              },
              Object {
                "color": "#191015",
              },
            ],
            undefined,
            undefined,
            Object {
              "color": "#DEDDDE",
              "fontFamily": "Helvetica Neue",
              "fontSize": 26,
              "lineHeight": 35,
              "textAlign": "center",
            },
          ]
        }
      />
      <Text
        accessibilityHint="timezone"
        accessibilityLabel="timezone"
        accessibilityRole="text"
        accessible={true}
        allowFontScaling={false}
        style={
          Array [
            Object {},
            Array [
              Object {
                "fontSize": 23,
                "lineHeight": 35,
              },
              Object {
                "fontFamily": "Helvetica Neue",
              },
              Object {
                "color": "#191015",
              },
            ],
            undefined,
            undefined,
            Object {
              "color": "#ADADAE",
              "fontFamily": "Helvetica Neue",
              "fontSize": 15,
              "lineHeight": 23,
              "textAlign": "center",
            },
          ]
        }
      />
    </View>
    <View
      accessibilityHint="countdown to next sighting"
      accessibilityLabel="countdown"
      accessibilityRole="text"
      accessible={true}
      style={
        Object {
          "backgroundColor": "#1E2022",
          "borderRadius": 15,
          "borderWidth": 2,
          "padding": 8,
          "width": "48%",
        }
      }
    >
      <Text
        allowFontScaling={false}
        style={
          Array [
            Object {},
            Array [
              Object {
                "fontSize": 23,
                "lineHeight": 35,
              },
              Object {
                "fontFamily": "Helvetica Neue",
              },
              Object {
                "color": "#191015",
              },
            ],
            undefined,
            undefined,
            Object {
              "color": "#ADADAE",
              "fontFamily": "Helvetica Neue",
              "fontSize": 20,
              "lineHeight": 23,
              "textAlign": "center",
            },
          ]
        }
      >
        homeScreen.header.secondTimeHead undefined
      </Text>
      <Text
        allowFontScaling={false}
        style={
          Array [
            Object {},
            Array [
              Object {
                "fontSize": 23,
                "lineHeight": 35,
              },
              Object {
                "fontFamily": "Helvetica Neue",
              },
              Object {
                "color": "#191015",
              },
            ],
            undefined,
            undefined,
            Object {
              "color": "#DEDDDE",
              "fontFamily": "Helvetica Neue",
              "fontSize": 26,
              "lineHeight": 35,
              "textAlign": "center",
            },
          ]
        }
      />
      <Text
        allowFontScaling={false}
        style={
          Array [
            Object {},
            Array [
              Object {
                "fontSize": 23,
                "lineHeight": 35,
              },
              Object {
                "fontFamily": "Helvetica Neue",
              },
              Object {
                "color": "#191015",
              },
            ],
            undefined,
            undefined,
            Object {
              "color": "#ADADAE",
              "fontFamily": "Helvetica Neue",
              "fontSize": 15,
              "lineHeight": 23,
              "textAlign": "center",
            },
          ]
        }
      >
        DD:HH:MM:SS
      </Text>
    </View>
  </View>
</View>
`;
