// Jest Snapshot v1, https://goo.gl/fbAQLP

exports[`renders correctly 1`] = `
<View
  accessibilityRole="imagebutton"
  accessible={true}
  collapsable={false}
  focusable={true}
  onBlur={[Function]}
  onClick={[Function]}
  onFocus={[Function]}
  onResponderGrant={[Function]}
  onResponderMove={[Function]}
  onResponderRelease={[Function]}
  onResponderTerminate={[Function]}
  onResponderTerminationRequest={[Function]}
  onStartShouldSetResponder={[Function]}
>
  <View
    animatedStyle={
      Object {
        "value": Object {},
      }
    }
    collapsable={false}
    style={
      Object {
        "alignItems": "center",
        "backgroundColor": "red",
        "borderRadius": 143,
        "display": "flex",
        "height": 60,
        "justifyContent": "center",
        "overflow": "hidden",
        "position": "relative",
        "width": 60,
      }
    }
  >
    <View
      style={
        Array [
          Object {
            "backgroundColor": "transparent",
          },
          Array [
            Object {
              "alignItems": "center",
              "backgroundColor": "#1E2022",
              "borderRadius": 143,
              "display": "flex",
              "height": 60,
              "justifyContent": "center",
              "overflow": "hidden",
              "position": "relative",
              "width": 60,
            },
            undefined,
          ],
        ]
      }
    >
      <ViewManagerAdapter_ExpoBlurView
        proxiedProperties={
          Object {
            "intensity": 0,
            "tint": "default",
          }
        }
        style={
          Object {
            "bottom": 0,
            "left": 0,
            "position": "absolute",
            "right": 0,
            "top": 0,
          }
        }
      />
      <View>
        <RCTImageView
          internal_analyticTag={null}
          resizeMode="contain"
          source={
            Array [
              Object {
                "height": undefined,
                "uri": undefined,
                "width": undefined,
              },
            ]
          }
          style={
            Object {
              "height": 29,
              "overflow": "hidden",
              "resizeMode": "contain",
              "tintColor": "#FFFFFF",
              "width": 29,
            }
          }
          tintColor="#FFFFFF"
        />
      </View>
    </View>
  </View>
</View>
`;
