// Jest Snapshot v1, https://goo.gl/fbAQLP

exports[`renders correctly 1`] = `
<RCTImageView
  accessibilityState={
    {
      "busy": undefined,
      "checked": undefined,
      "disabled": undefined,
      "expanded": undefined,
      "selected": undefined,
    }
  }
  internal_analyticTag={null}
  resizeMode="cover"
  source={
    [
      {
        "height": undefined,
        "uri": undefined,
        "width": undefined,
      },
    ]
  }
  style={
    {
      "height": 158,
      "marginLeft": 52,
      "marginTop": 52,
      "overflow": "hidden",
      "width": 158,
    }
  }
/>
`;
