// Jest Snapshot v1, https://goo.gl/fbAQLP

exports[`AddNewLocationMapScreen renders correctly 1`] = `
<div>
  <
    markers={[]}
    onPress={[Function]}
    style={
      {
        "flex": 1,
      }
    }
    testID="map"
    withNightOverlay={false}
    zoomEnabled={true}
  />
  <View
    style={
      [
        {
          "left": 0,
          "paddingHorizontal": 52,
          "position": "absolute",
          "top": 0,
          "width": "100%",
        },
        {
          "top": 26,
        },
      ]
    }
  >
    <View
      style={
        {
          "alignItems": "center",
          "flexDirection": "row",
          "justifyContent": "space-between",
          "marginBottom": 52,
        }
      }
    >
      <View
        accessibilityRole="imagebutton"
        accessibilityState={
          {
            "busy": undefined,
            "checked": undefined,
            "disabled": undefined,
            "expanded": undefined,
            "selected": undefined,
          }
        }
        accessibilityValue={
          {
            "max": undefined,
            "min": undefined,
            "now": undefined,
            "text": undefined,
          }
        }
        accessible={true}
        collapsable={false}
        focusable={true}
        onBlur={[Function]}
        onClick={[Function]}
        onFocus={[Function]}
        onResponderGrant={[Function]}
        onResponderMove={[Function]}
        onResponderRelease={[Function]}
        onResponderTerminate={[Function]}
        onResponderTerminationRequest={[Function]}
        onStartShouldSetResponder={[Function]}
      >
        <View
          collapsable={false}
          jestAnimatedProps={
            {
              "value": {},
            }
          }
          jestAnimatedStyle={
            {
              "value": {},
            }
          }
          jestInlineStyle={
            [
              {
                "alignItems": "center",
                "backgroundColor": "#1E2022",
                "borderRadius": 143,
                "display": "flex",
                "height": 60,
                "justifyContent": "center",
                "overflow": "hidden",
                "position": "relative",
                "width": 60,
              },
              {
                "backgroundColor": "#353739",
                "height": 60,
                "width": 60,
              },
              undefined,
            ]
          }
          style={
            [
              {
                "alignItems": "center",
                "backgroundColor": "#1E2022",
                "borderRadius": 143,
                "display": "flex",
                "height": 60,
                "justifyContent": "center",
                "overflow": "hidden",
                "position": "relative",
                "width": 60,
              },
              {
                "backgroundColor": "#353739",
                "height": 60,
                "width": 60,
              },
              undefined,
            ]
          }
        >
          <div>
            <View>
              <RCTImageView
                accessibilityState={
                  {
                    "busy": undefined,
                    "checked": undefined,
                    "disabled": undefined,
                    "expanded": undefined,
                    "selected": undefined,
                  }
                }
                internal_analyticTag={null}
                resizeMode="contain"
                source={
                  [
                    {
                      "testUri": "../../../assets/icons/x.png",
                    },
                  ]
                }
                style={
                  [
                    {
                      "height": undefined,
                      "width": undefined,
                    },
                    {
                      "overflow": "hidden",
                    },
                    [
                      {
                        "resizeMode": "contain",
                      },
                      {
                        "tintColor": "#DEDDDE",
                      },
                      {
                        "height": 29,
                        "width": 29,
                      },
                      undefined,
                    ],
                  ]
                }
                tintColor="#DEDDDE"
              />
            </View>
          </div>
        </View>
      </View>
    </View>
    <View
      collapsable={false}
      style={
        {
          "zIndex": 1,
        }
      }
    >
      <View
        accessibilityState={
          {
            "busy": undefined,
            "checked": undefined,
            "disabled": false,
            "expanded": undefined,
            "selected": undefined,
          }
        }
        accessibilityValue={
          {
            "max": undefined,
            "min": undefined,
            "now": undefined,
            "text": undefined,
          }
        }
        accessible={true}
        collapsable={false}
        focusable={true}
        onClick={[Function]}
        onResponderGrant={[Function]}
        onResponderMove={[Function]}
        onResponderRelease={[Function]}
        onResponderTerminate={[Function]}
        onResponderTerminationRequest={[Function]}
        onStartShouldSetResponder={[Function]}
        style={
          {
            "opacity": 1,
          }
        }
      >
        <View
          style={
            [
              {
                "alignItems": "flex-start",
                "backgroundColor": "#1E2022",
                "borderRadius": 40,
                "flexDirection": "row",
                "height": 80,
                "overflow": "hidden",
              },
              false,
              undefined,
              {
                "paddingStart": 0,
              },
              {
                "paddingEnd": 0,
              },
              {
                "backgroundColor": "#1E2022",
                "borderColor": "transparent",
                "borderRadius": 40,
                "borderWidth": 2,
                "height": 80,
                "marginBottom": 26,
                "overflow": "hidden",
              },
            ]
          }
        >
          <View>
            <RCTImageView
              accessibilityState={
                {
                  "busy": undefined,
                  "checked": undefined,
                  "disabled": undefined,
                  "expanded": undefined,
                  "selected": undefined,
                }
              }
              internal_analyticTag={null}
              resizeMode="contain"
              source={
                [
                  {
                    "testUri": "../../../assets/icons/pin.png",
                  },
                ]
              }
              style={
                [
                  {
                    "height": undefined,
                    "width": undefined,
                  },
                  {
                    "overflow": "hidden",
                  },
                  [
                    {
                      "resizeMode": "contain",
                    },
                    {
                      "tintColor": "#ADADAE",
                    },
                    {
                      "height": 40,
                      "width": 40,
                    },
                    {
                      "alignItems": "center",
                      "height": 80,
                      "justifyContent": "center",
                      "marginStart": 35,
                    },
                  ],
                ]
              }
              tintColor="#ADADAE"
            />
          </View>
          <TextInput
            accessibilityHint="type for search location"
            accessibilityLabel="search location"
            accessibilityRole="search"
            accessible={true}
            autoCapitalize="none"
            autoCorrect={false}
            clearButtonMode="never"
            editable={true}
            onBlur={[Function]}
            onChangeText={[Function]}
            onFocus={[Function]}
            placeholder="homeScreen.selectLocation.inputPlaceholder undefined"
            placeholderTextColor="#ADADAE"
            style={
              [
                [
                  {
                    "alignSelf": "stretch",
                    "color": "#DEDDDE",
                    "flex": 1,
                    "fontFamily": "Helvetica Neue",
                    "fontSize": 26,
                    "height": 80,
                    "marginHorizontal": 17,
                    "paddingHorizontal": 0,
                    "paddingVertical": 0,
                    "textAlignVertical": "center",
                  },
                  false,
                  undefined,
                  undefined,
                ],
                {
                  "alignSelf": "stretch",
                  "backgroundColor": "transparent",
                  "borderRadius": 0,
                  "color": "#DEDDDE",
                  "flex": 1,
                  "fontFamily": "Helvetica Neue",
                  "fontSize": 26,
                  "height": 80,
                  "lineHeight": 32,
                  "marginHorizontal": 17,
                  "paddingHorizontal": 0,
                  "textAlignVertical": "center",
                },
              ]
            }
            textAlignVertical="top"
            underlineColorAndroid="rgba(0, 0, 0, 0)"
            value=""
          />
        </View>
      </View>
    </View>
  </View>
</div>
`;
